[38;2;45;30;9mâ–ˆâ–ˆ[38;2;46;31;10mâ–ˆâ–ˆ[38;2;49;34;12mâ–ˆâ–ˆ[38;2;56;37;14mâ–ˆâ–ˆ[38;2;66;44;20mâ–ˆâ–ˆ[38;2;70;48;23mâ–ˆâ–ˆ[38;2;68;46;22mâ–ˆâ–ˆ[38;2;70;47;22mâ–ˆâ–ˆ[38;2;77;51;26mâ–ˆâ–ˆ[38;2;86;55;29mâ–ˆâ–ˆ[38;2;90;56;30mâ–ˆâ–ˆ[38;2;87;53;29mâ–ˆâ–ˆ[38;2;83;51;28mâ–ˆâ–ˆ[38;2;83;53;29mâ–ˆâ–ˆ[38;2;88;56;32mâ–ˆâ–ˆ[38;2;96;62;36mâ–ˆâ–ˆ[38;2;106;69;41mâ–ˆâ–ˆ[38;2;114;73;44mâ–ˆâ–ˆ[38;2;116;75;45mâ–ˆâ–ˆ[38;2;117;76;48mâ–ˆâ–ˆ[38;2;118;76;49mâ–ˆâ–ˆ[38;2;115;75;48mâ–ˆâ–ˆ[38;2;113;74;45mâ–ˆâ–ˆ[38;2;105;69;40mâ–ˆâ–ˆ[38;2;104;68;38mâ–ˆâ–ˆ[38;2;116;79;51mâ–ˆâ–ˆ[38;2;120;84;58mâ–ˆâ–ˆ[38;2;123;88;63mâ–ˆâ–ˆ[38;2;122;88;63mâ–ˆâ–ˆ[38;2;116;83;58mâ–ˆâ–ˆ[38;2;113;81;57mâ–ˆâ–ˆ[38;2;113;79;54mâ–ˆâ–ˆ[38;2;105;74;51mâ–ˆâ–ˆ[38;2;99;68;46mâ–ˆâ–ˆ[38;2;99;66;45mâ–ˆâ–ˆ[38;2;101;67;47mâ–ˆâ–ˆ[38;2;105;71;51mâ–ˆâ–ˆ[38;2;108;78;57mâ–ˆâ–ˆ[38;2;108;84;59mâ–ˆâ–ˆ[38;2;108;88;58mâ–ˆâ–ˆ[38;2;107;92;55mâ–ˆâ–ˆ[38;2;102;92;51mâ–ˆâ–ˆ[38;2;97;89;48mâ–ˆâ–ˆ[38;2;92;84;44mâ–ˆâ–ˆ[38;2;85;77;42mâ–ˆâ–ˆ[38;2;81;70;40mâ–ˆâ–ˆ[38;2;79;68;39mâ–ˆâ–ˆ[38;2;83;68;40mâ–ˆâ–ˆ[38;2;82;65;37mâ–ˆâ–ˆ[38;2;77;60;33mâ–ˆâ–ˆ
[38;2;48;33;12mâ–ˆâ–ˆ[38;2;47;34;12mâ–ˆâ–ˆ[38;2;49;36;13mâ–ˆâ–ˆ[38;2;54;38;15mâ–ˆâ–ˆ[38;2;60;40;17mâ–ˆâ–ˆ[38;2;64;43;19mâ–ˆâ–ˆ[38;2;64;42;20mâ–ˆâ–ˆ[38;2;65;43;21mâ–ˆâ–ˆ[38;2;69;45;22mâ–ˆâ–ˆ[38;2;76;48;24mâ–ˆâ–ˆ[38;2;79;48;25mâ–ˆâ–ˆ[38;2;78;48;25mâ–ˆâ–ˆ[38;2;76;48;24mâ–ˆâ–ˆ[38;2;77;49;25mâ–ˆâ–ˆ[38;2;83;54;30mâ–ˆâ–ˆ[38;2;93;61;35mâ–ˆâ–ˆ[38;2;103;69;40mâ–ˆâ–ˆ[38;2;110;73;43mâ–ˆâ–ˆ[38;2;113;74;45mâ–ˆâ–ˆ[38;2;116;75;47mâ–ˆâ–ˆ[38;2;114;74;47mâ–ˆâ–ˆ[38;2;115;76;48mâ–ˆâ–ˆ[38;2;115;77;48mâ–ˆâ–ˆ[38;2;117;83;52mâ–ˆâ–ˆ[38;2;148;118;92mâ–ˆâ–ˆ[38;2;115;80;51mâ–ˆâ–ˆ[38;2;119;85;58mâ–ˆâ–ˆ[38;2;118;87;62mâ–ˆâ–ˆ[38;2;116;85;61mâ–ˆâ–ˆ[38;2;111;80;57mâ–ˆâ–ˆ[38;2;108;78;55mâ–ˆâ–ˆ[38;2;105;77;53mâ–ˆâ–ˆ[38;2;98;72;49mâ–ˆâ–ˆ[38;2;94;66;44mâ–ˆâ–ˆ[38;2;95;63;42mâ–ˆâ–ˆ[38;2;97;64;43mâ–ˆâ–ˆ[38;2;102;68;49mâ–ˆâ–ˆ[38;2;103;74;54mâ–ˆâ–ˆ[38;2;100;78;54mâ–ˆâ–ˆ[38;2;99;81;54mâ–ˆâ–ˆ[38;2;96;84;51mâ–ˆâ–ˆ[38;2;92;84;46mâ–ˆâ–ˆ[38;2;91;82;44mâ–ˆâ–ˆ[38;2;86;78;42mâ–ˆâ–ˆ[38;2;85;74;43mâ–ˆâ–ˆ[38;2;82;70;42mâ–ˆâ–ˆ[38;2;76;64;37mâ–ˆâ–ˆ[38;2;71;59;32mâ–ˆâ–ˆ[38;2;71;58;32mâ–ˆâ–ˆ[38;2;69;56;32mâ–ˆâ–ˆ
[38;2;49;37;14mâ–ˆâ–ˆ[38;2;48;37;13mâ–ˆâ–ˆ[38;2;50;39;14mâ–ˆâ–ˆ[38;2;53;39;16mâ–ˆâ–ˆ[38;2;52;36;15mâ–ˆâ–ˆ[38;2;54;37;16mâ–ˆâ–ˆ[38;2;57;39;18mâ–ˆâ–ˆ[38;2;59;40;19mâ–ˆâ–ˆ[38;2;63;41;19mâ–ˆâ–ˆ[38;2;67;42;20mâ–ˆâ–ˆ[38;2;70;44;21mâ–ˆâ–ˆ[38;2;71;44;22mâ–ˆâ–ˆ[38;2;71;46;23mâ–ˆâ–ˆ[38;2;72;49;24mâ–ˆâ–ˆ[38;2;77;54;27mâ–ˆâ–ˆ[38;2;89;63;35mâ–ˆâ–ˆ[38;2;98;69;40mâ–ˆâ–ˆ[38;2;103;71;41mâ–ˆâ–ˆ[38;2;105;71;43mâ–ˆâ–ˆ[38;2;107;71;44mâ–ˆâ–ˆ[38;2;107;72;45mâ–ˆâ–ˆ[38;2;113;76;47mâ–ˆâ–ˆ[38;2;108;71;41mâ–ˆâ–ˆ[38;2;169;141;120mâ–ˆâ–ˆ[38;2;232;207;198mâ–ˆâ–ˆ[38;2;130;99;72mâ–ˆâ–ˆ[38;2;115;82;56mâ–ˆâ–ˆ[38;2;116;86;62mâ–ˆâ–ˆ[38;2;111;83;60mâ–ˆâ–ˆ[38;2;105;79;56mâ–ˆâ–ˆ[38;2;102;77;53mâ–ˆâ–ˆ[38;2;100;76;52mâ–ˆâ–ˆ[38;2;96;72;48mâ–ˆâ–ˆ[38;2;90;66;43mâ–ˆâ–ˆ[38;2;91;62;40mâ–ˆâ–ˆ[38;2;93;62;43mâ–ˆâ–ˆ[38;2;98;66;48mâ–ˆâ–ˆ[38;2;97;72;52mâ–ˆâ–ˆ[38;2;94;75;52mâ–ˆâ–ˆ[38;2;93;78;51mâ–ˆâ–ˆ[38;2;89;79;48mâ–ˆâ–ˆ[38;2;84;76;43mâ–ˆâ–ˆ[38;2;84;74;41mâ–ˆâ–ˆ[38;2;82;71;41mâ–ˆâ–ˆ[38;2;84;70;41mâ–ˆâ–ˆ[38;2;84;71;41mâ–ˆâ–ˆ[38;2;84;70;40mâ–ˆâ–ˆ[38;2;81;66;37mâ–ˆâ–ˆ[38;2;73;59;34mâ–ˆâ–ˆ[38;2;68;54;32mâ–ˆâ–ˆ
[38;2;46;36;14mâ–ˆâ–ˆ[38;2;45;36;14mâ–ˆâ–ˆ[38;2;47;37;14mâ–ˆâ–ˆ[38;2;46;35;13mâ–ˆâ–ˆ[38;2;45;32;12mâ–ˆâ–ˆ[38;2;47;32;13mâ–ˆâ–ˆ[38;2;50;35;16mâ–ˆâ–ˆ[38;2;54;38;18mâ–ˆâ–ˆ[38;2;58;39;19mâ–ˆâ–ˆ[38;2;64;42;22mâ–ˆâ–ˆ[38;2;69;46;24mâ–ˆâ–ˆ[38;2;70;47;24mâ–ˆâ–ˆ[38;2;71;49;24mâ–ˆâ–ˆ[38;2;74;53;27mâ–ˆâ–ˆ[38;2;95;74;48mâ–ˆâ–ˆ[38;2;90;68;40mâ–ˆâ–ˆ[38;2;86;61;32mâ–ˆâ–ˆ[38;2;92;66;37mâ–ˆâ–ˆ[38;2;94;64;39mâ–ˆâ–ˆ[38;2;96;65;41mâ–ˆâ–ˆ[38;2;100;68;42mâ–ˆâ–ˆ[38;2;105;71;44mâ–ˆâ–ˆ[38;2;108;75;46mâ–ˆâ–ˆ[38;2;210;186;173mâ–ˆâ–ˆ[38;2;226;185;172mâ–ˆâ–ˆ[38;2;157;130;107mâ–ˆâ–ˆ[38;2;107;77;51mâ–ˆâ–ˆ[38;2;111;86;61mâ–ˆâ–ˆ[38;2;106;83;59mâ–ˆâ–ˆ[38;2;102;79;55mâ–ˆâ–ˆ[38;2;101;78;54mâ–ˆâ–ˆ[38;2;99;77;53mâ–ˆâ–ˆ[38;2;93;72;48mâ–ˆâ–ˆ[38;2;87;65;42mâ–ˆâ–ˆ[38;2;88;62;40mâ–ˆâ–ˆ[38;2;90;62;42mâ–ˆâ–ˆ[38;2;93;66;47mâ–ˆâ–ˆ[38;2;95;72;51mâ–ˆâ–ˆ[38;2;96;77;53mâ–ˆâ–ˆ[38;2;92;78;51mâ–ˆâ–ˆ[38;2;85;75;46mâ–ˆâ–ˆ[38;2;80;69;41mâ–ˆâ–ˆ[38;2;83;68;39mâ–ˆâ–ˆ[38;2;85;68;40mâ–ˆâ–ˆ[38;2;87;71;41mâ–ˆâ–ˆ[38;2;91;76;43mâ–ˆâ–ˆ[38;2;92;79;44mâ–ˆâ–ˆ[38;2;87;74;41mâ–ˆâ–ˆ[38;2;78;64;37mâ–ˆâ–ˆ[38;2;70;57;34mâ–ˆâ–ˆ
[38;2;40;32;10mâ–ˆâ–ˆ[38;2;40;33;11mâ–ˆâ–ˆ[38;2;39;33;10mâ–ˆâ–ˆ[38;2;39;30;9mâ–ˆâ–ˆ[38;2;38;27;9mâ–ˆâ–ˆ[38;2;40;28;10mâ–ˆâ–ˆ[38;2;45;33;14mâ–ˆâ–ˆ[38;2;52;38;18mâ–ˆâ–ˆ[38;2;58;42;22mâ–ˆâ–ˆ[38;2;64;46;25mâ–ˆâ–ˆ[38;2;72;51;28mâ–ˆâ–ˆ[38;2;76;54;30mâ–ˆâ–ˆ[38;2;77;56;30mâ–ˆâ–ˆ[38;2;79;58;31mâ–ˆâ–ˆ[38;2;173;146;129mâ–ˆâ–ˆ[38;2;191;165;150mâ–ˆâ–ˆ[38;2;121;100;77mâ–ˆâ–ˆ[38;2;79;54;27mâ–ˆâ–ˆ[38;2;80;55;31mâ–ˆâ–ˆ[38;2;86;58;34mâ–ˆâ–ˆ[38;2;87;57;33mâ–ˆâ–ˆ[38;2;90;58;29mâ–ˆâ–ˆ[38;2;133;106;80mâ–ˆâ–ˆ[38;2;234;211;203mâ–ˆâ–ˆ[38;2;221;176;162mâ–ˆâ–ˆ[38;2;165;140;121mâ–ˆâ–ˆ[38;2;99;76;50mâ–ˆâ–ˆ[38;2;106;84;60mâ–ˆâ–ˆ[38;2;103;82;58mâ–ˆâ–ˆ[38;2;98;79;54mâ–ˆâ–ˆ[38;2;99;80;55mâ–ˆâ–ˆ[38;2;97;80;54mâ–ˆâ–ˆ[38;2;90;73;47mâ–ˆâ–ˆ[38;2;84;65;41mâ–ˆâ–ˆ[38;2;90;63;40mâ–ˆâ–ˆ[38;2;95;64;42mâ–ˆâ–ˆ[38;2;96;67;47mâ–ˆâ–ˆ[38;2;96;72;51mâ–ˆâ–ˆ[38;2;96;77;52mâ–ˆâ–ˆ[38;2;91;78;51mâ–ˆâ–ˆ[38;2;84;72;44mâ–ˆâ–ˆ[38;2;80;66;38mâ–ˆâ–ˆ[38;2;86;66;39mâ–ˆâ–ˆ[38;2;88;67;41mâ–ˆâ–ˆ[38;2;92;74;44mâ–ˆâ–ˆ[38;2;96;82;47mâ–ˆâ–ˆ[38;2;94;83;46mâ–ˆâ–ˆ[38;2;85;76;42mâ–ˆâ–ˆ[38;2;77;67;38mâ–ˆâ–ˆ[38;2;70;59;35mâ–ˆâ–ˆ
[38;2;30;26;7mâ–ˆâ–ˆ[38;2;31;27;8mâ–ˆâ–ˆ[38;2;32;28;8mâ–ˆâ–ˆ[38;2;32;27;8mâ–ˆâ–ˆ[38;2;34;25;8mâ–ˆâ–ˆ[38;2;36;26;10mâ–ˆâ–ˆ[38;2;42;31;13mâ–ˆâ–ˆ[38;2;50;39;19mâ–ˆâ–ˆ[38;2;58;44;24mâ–ˆâ–ˆ[38;2;63;48;26mâ–ˆâ–ˆ[38;2;71;54;30mâ–ˆâ–ˆ[38;2;77;57;33mâ–ˆâ–ˆ[38;2;78;57;33mâ–ˆâ–ˆ[38;2;76;57;30mâ–ˆâ–ˆ[38;2;153;125;106mâ–ˆâ–ˆ[38;2;203;151;136mâ–ˆâ–ˆ[38;2;204;172;160mâ–ˆâ–ˆ[38;2;160;144;127mâ–ˆâ–ˆ[38;2;107;85;63mâ–ˆâ–ˆ[38;2;103;80;59mâ–ˆâ–ˆ[38;2;159;141;127mâ–ˆâ–ˆ[38;2;175;158;144mâ–ˆâ–ˆ[38;2;224;217;210mâ–ˆâ–ˆ[38;2;249;242;241mâ–ˆâ–ˆ[38;2;234;208;202mâ–ˆâ–ˆ[38;2;166;144;125mâ–ˆâ–ˆ[38;2;95;73;48mâ–ˆâ–ˆ[38;2;102;83;58mâ–ˆâ–ˆ[38;2;100;82;58mâ–ˆâ–ˆ[38;2;96;79;54mâ–ˆâ–ˆ[38;2;95;80;54mâ–ˆâ–ˆ[38;2;94;81;54mâ–ˆâ–ˆ[38;2;87;75;48mâ–ˆâ–ˆ[38;2;84;65;41mâ–ˆâ–ˆ[38;2;91;63;41mâ–ˆâ–ˆ[38;2;94;63;42mâ–ˆâ–ˆ[38;2;99;67;46mâ–ˆâ–ˆ[38;2;95;70;49mâ–ˆâ–ˆ[38;2;92;74;49mâ–ˆâ–ˆ[38;2;90;77;49mâ–ˆâ–ˆ[38;2;81;72;44mâ–ˆâ–ˆ[38;2;80;65;37mâ–ˆâ–ˆ[38;2;86;64;38mâ–ˆâ–ˆ[38;2;87;65;40mâ–ˆâ–ˆ[38;2;88;71;43mâ–ˆâ–ˆ[38;2;90;80;47mâ–ˆâ–ˆ[38;2;87;81;45mâ–ˆâ–ˆ[38;2;78;75;42mâ–ˆâ–ˆ[38;2;72;68;38mâ–ˆâ–ˆ[38;2;70;60;35mâ–ˆâ–ˆ
[38;2;26;23;6mâ–ˆâ–ˆ[38;2;27;24;6mâ–ˆâ–ˆ[38;2;28;26;8mâ–ˆâ–ˆ[38;2;28;25;8mâ–ˆâ–ˆ[38;2;28;23;7mâ–ˆâ–ˆ[38;2;29;25;8mâ–ˆâ–ˆ[38;2;37;30;12mâ–ˆâ–ˆ[38;2;47;38;17mâ–ˆâ–ˆ[38;2;52;43;22mâ–ˆâ–ˆ[38;2;58;46;26mâ–ˆâ–ˆ[38;2;66;52;30mâ–ˆâ–ˆ[38;2;73;55;32mâ–ˆâ–ˆ[38;2;74;55;32mâ–ˆâ–ˆ[38;2;71;53;30mâ–ˆâ–ˆ[38;2;105;85;64mâ–ˆâ–ˆ[38;2;185;138;120mâ–ˆâ–ˆ[38;2;193;140;122mâ–ˆâ–ˆ[38;2;228;210;207mâ–ˆâ–ˆ[38;2;241;239;237mâ–ˆâ–ˆ[38;2;237;235;234mâ–ˆâ–ˆ[38;2;255;255;255mâ–ˆâ–ˆ[38;2;255;255;255mâ–ˆâ–ˆ[38;2;255;255;255mâ–ˆâ–ˆ[38;2;251;252;254mâ–ˆâ–ˆ[38;2;250;245;245mâ–ˆâ–ˆ[38;2;179;163;146mâ–ˆâ–ˆ[38;2;93;74;46mâ–ˆâ–ˆ[38;2;97;81;55mâ–ˆâ–ˆ[38;2;96;81;57mâ–ˆâ–ˆ[38;2;93;80;55mâ–ˆâ–ˆ[38;2;92;80;54mâ–ˆâ–ˆ[38;2;91;81;54mâ–ˆâ–ˆ[38;2;86;77;48mâ–ˆâ–ˆ[38;2;85;68;44mâ–ˆâ–ˆ[38;2;89;64;41mâ–ˆâ–ˆ[38;2;90;62;42mâ–ˆâ–ˆ[38;2;95;66;46mâ–ˆâ–ˆ[38;2;92;68;48mâ–ˆâ–ˆ[38;2;90;72;50mâ–ˆâ–ˆ[38;2;88;76;50mâ–ˆâ–ˆ[38;2;82;73;46mâ–ˆâ–ˆ[38;2;82;68;41mâ–ˆâ–ˆ[38;2;85;65;40mâ–ˆâ–ˆ[38;2;85;65;40mâ–ˆâ–ˆ[38;2;83;69;43mâ–ˆâ–ˆ[38;2;80;72;43mâ–ˆâ–ˆ[38;2;77;73;42mâ–ˆâ–ˆ[38;2;72;72;40mâ–ˆâ–ˆ[38;2;68;67;38mâ–ˆâ–ˆ[38;2;67;60;36mâ–ˆâ–ˆ
[38;2;25;23;6mâ–ˆâ–ˆ[38;2;27;24;7mâ–ˆâ–ˆ[38;2;27;24;7mâ–ˆâ–ˆ[38;2;26;23;7mâ–ˆâ–ˆ[38;2;25;22;6mâ–ˆâ–ˆ[38;2;29;26;9mâ–ˆâ–ˆ[38;2;35;31;12mâ–ˆâ–ˆ[38;2;42;36;15mâ–ˆâ–ˆ[38;2;49;41;20mâ–ˆâ–ˆ[38;2;52;44;23mâ–ˆâ–ˆ[38;2;60;47;27mâ–ˆâ–ˆ[38;2;67;51;31mâ–ˆâ–ˆ[38;2;67;52;31mâ–ˆâ–ˆ[38;2;65;48;29mâ–ˆâ–ˆ[38;2;64;47;26mâ–ˆâ–ˆ[38;2;149;123;106mâ–ˆâ–ˆ[38;2;181;141;131mâ–ˆâ–ˆ[38;2;221;211;209mâ–ˆâ–ˆ[38;2;249;249;252mâ–ˆâ–ˆ[38;2;250;251;253mâ–ˆâ–ˆ[38;2;249;250;252mâ–ˆâ–ˆ[38;2;250;250;252mâ–ˆâ–ˆ[38;2;251;251;253mâ–ˆâ–ˆ[38;2;249;249;251mâ–ˆâ–ˆ[38;2;247;248;251mâ–ˆâ–ˆ[38;2;217;211;203mâ–ˆâ–ˆ[38;2;102;86;57mâ–ˆâ–ˆ[38;2;94;82;53mâ–ˆâ–ˆ[38;2;93;82;56mâ–ˆâ–ˆ[38;2;89;81;54mâ–ˆâ–ˆ[38;2;89;81;54mâ–ˆâ–ˆ[38;2;90;82;54mâ–ˆâ–ˆ[38;2;87;79;52mâ–ˆâ–ˆ[38;2;87;74;48mâ–ˆâ–ˆ[38;2;88;71;46mâ–ˆâ–ˆ[38;2;88;66;44mâ–ˆâ–ˆ[38;2;90;66;45mâ–ˆâ–ˆ[38;2;89;68;47mâ–ˆâ–ˆ[38;2;88;71;49mâ–ˆâ–ˆ[38;2;87;75;50mâ–ˆâ–ˆ[38;2;83;75;49mâ–ˆâ–ˆ[38;2;83;73;47mâ–ˆâ–ˆ[38;2;84;70;43mâ–ˆâ–ˆ[38;2;82;68;43mâ–ˆâ–ˆ[38;2;79;68;45mâ–ˆâ–ˆ[38;2;75;68;41mâ–ˆâ–ˆ[38;2;70;65;40mâ–ˆâ–ˆ[38;2;68;65;39mâ–ˆâ–ˆ[38;2;66;62;37mâ–ˆâ–ˆ[38;2;64;57;34mâ–ˆâ–ˆ
[38;2;22;20;6mâ–ˆâ–ˆ[38;2;24;21;6mâ–ˆâ–ˆ[38;2;25;22;7mâ–ˆâ–ˆ[38;2;24;21;7mâ–ˆâ–ˆ[38;2;25;22;7mâ–ˆâ–ˆ[38;2;29;26;9mâ–ˆâ–ˆ[38;2;35;32;12mâ–ˆâ–ˆ[38;2;41;36;15mâ–ˆâ–ˆ[38;2;46;40;18mâ–ˆâ–ˆ[38;2;50;43;22mâ–ˆâ–ˆ[38;2;55;46;26mâ–ˆâ–ˆ[38;2;60;50;30mâ–ˆâ–ˆ[38;2;62;49;30mâ–ˆâ–ˆ[38;2;59;46;26mâ–ˆâ–ˆ[38;2;57;44;24mâ–ˆâ–ˆ[38;2;83;67;46mâ–ˆâ–ˆ[38;2;196;182;175mâ–ˆâ–ˆ[38;2;226;222;222mâ–ˆâ–ˆ[38;2;234;232;232mâ–ˆâ–ˆ[38;2;245;245;246mâ–ˆâ–ˆ[38;2;246;245;245mâ–ˆâ–ˆ[38;2;244;243;243mâ–ˆâ–ˆ[38;2;246;246;247mâ–ˆâ–ˆ[38;2;254;253;255mâ–ˆâ–ˆ[38;2;246;245;247mâ–ˆâ–ˆ[38;2;189;181;168mâ–ˆâ–ˆ[38;2;87;76;45mâ–ˆâ–ˆ[38;2;92;84;51mâ–ˆâ–ˆ[38;2;91;85;54mâ–ˆâ–ˆ[38;2;89;82;54mâ–ˆâ–ˆ[38;2;88;81;54mâ–ˆâ–ˆ[38;2;88;81;53mâ–ˆâ–ˆ[38;2;87;80;51mâ–ˆâ–ˆ[38;2;86;77;51mâ–ˆâ–ˆ[38;2;86;74;48mâ–ˆâ–ˆ[38;2;85;70;45mâ–ˆâ–ˆ[38;2;87;67;45mâ–ˆâ–ˆ[38;2;86;69;46mâ–ˆâ–ˆ[38;2;84;71;49mâ–ˆâ–ˆ[38;2;83;75;49mâ–ˆâ–ˆ[38;2;82;75;48mâ–ˆâ–ˆ[38;2;81;74;48mâ–ˆâ–ˆ[38;2;81;71;45mâ–ˆâ–ˆ[38;2;78;70;43mâ–ˆâ–ˆ[38;2;75;68;43mâ–ˆâ–ˆ[38;2;70;65;41mâ–ˆâ–ˆ[38;2;66;64;40mâ–ˆâ–ˆ[38;2;65;61;39mâ–ˆâ–ˆ[38;2;63;58;36mâ–ˆâ–ˆ[38;2;60;53;32mâ–ˆâ–ˆ
[38;2;15;16;4mâ–ˆâ–ˆ[38;2;17;17;5mâ–ˆâ–ˆ[38;2;21;17;6mâ–ˆâ–ˆ[38;2;21;17;6mâ–ˆâ–ˆ[38;2;23;20;7mâ–ˆâ–ˆ[38;2;30;27;10mâ–ˆâ–ˆ[38;2;36;32;13mâ–ˆâ–ˆ[38;2;39;35;14mâ–ˆâ–ˆ[38;2;41;37;17mâ–ˆâ–ˆ[38;2;47;41;21mâ–ˆâ–ˆ[38;2;54;47;27mâ–ˆâ–ˆ[38;2;58;50;30mâ–ˆâ–ˆ[38;2;58;49;28mâ–ˆâ–ˆ[38;2;55;47;26mâ–ˆâ–ˆ[38;2;54;44;21mâ–ˆâ–ˆ[38;2;115;102;80mâ–ˆâ–ˆ[38;2;243;239;235mâ–ˆâ–ˆ[38;2;233;229;228mâ–ˆâ–ˆ[38;2;237;234;234mâ–ˆâ–ˆ[38;2;231;227;228mâ–ˆâ–ˆ[38;2;228;223;222mâ–ˆâ–ˆ[38;2;237;229;227mâ–ˆâ–ˆ[38;2;207;196;192mâ–ˆâ–ˆ[38;2;121;108;105mâ–ˆâ–ˆ[38;2;188;177;175mâ–ˆâ–ˆ[38;2;215;206;195mâ–ˆâ–ˆ[38;2;90;82;48mâ–ˆâ–ˆ[38;2;88;83;48mâ–ˆâ–ˆ[38;2;89;86;50mâ–ˆâ–ˆ[38;2;88;84;52mâ–ˆâ–ˆ[38;2;85;82;52mâ–ˆâ–ˆ[38;2;84;81;51mâ–ˆâ–ˆ[38;2;83;79;49mâ–ˆâ–ˆ[38;2;85;78;50mâ–ˆâ–ˆ[38;2;83;74;48mâ–ˆâ–ˆ[38;2;82;70;47mâ–ˆâ–ˆ[38;2;84;70;46mâ–ˆâ–ˆ[38;2;83;71;47mâ–ˆâ–ˆ[38;2;82;73;48mâ–ˆâ–ˆ[38;2;81;74;48mâ–ˆâ–ˆ[38;2;81;74;48mâ–ˆâ–ˆ[38;2;80;74;46mâ–ˆâ–ˆ[38;2;79;72;44mâ–ˆâ–ˆ[38;2;78;71;44mâ–ˆâ–ˆ[38;2;76;71;43mâ–ˆâ–ˆ[38;2;71;67;41mâ–ˆâ–ˆ[38;2;66;64;39mâ–ˆâ–ˆ[38;2;63;62;36mâ–ˆâ–ˆ[38;2;60;59;35mâ–ˆâ–ˆ[38;2;58;54;33mâ–ˆâ–ˆ
[38;2;10;11;3mâ–ˆâ–ˆ[38;2;12;11;3mâ–ˆâ–ˆ[38;2;15;11;4mâ–ˆâ–ˆ[38;2;17;12;4mâ–ˆâ–ˆ[38;2;24;21;7mâ–ˆâ–ˆ[38;2;33;30;11mâ–ˆâ–ˆ[38;2;35;32;12mâ–ˆâ–ˆ[38;2;37;33;13mâ–ˆâ–ˆ[38;2;36;33;14mâ–ˆâ–ˆ[38;2;39;36;17mâ–ˆâ–ˆ[38;2;49;44;25mâ–ˆâ–ˆ[38;2;52;46;27mâ–ˆâ–ˆ[38;2;50;44;24mâ–ˆâ–ˆ[38;2;52;44;24mâ–ˆâ–ˆ[38;2;55;44;22mâ–ˆâ–ˆ[38;2;183;175;163mâ–ˆâ–ˆ[38;2;251;249;249mâ–ˆâ–ˆ[38;2;238;234;233mâ–ˆâ–ˆ[38;2;192;175;172mâ–ˆâ–ˆ[38;2;147;129;127mâ–ˆâ–ˆ[38;2;211;202;201mâ–ˆâ–ˆ[38;2;206;198;199mâ–ˆâ–ˆ[38;2;197;184;182mâ–ˆâ–ˆ[38;2;124;110;106mâ–ˆâ–ˆ[38;2;174;162;159mâ–ˆâ–ˆ[38;2;237;231;224mâ–ˆâ–ˆ[38;2;108;100;65mâ–ˆâ–ˆ[38;2;85;82;45mâ–ˆâ–ˆ[38;2;86;84;47mâ–ˆâ–ˆ[38;2;85;82;48mâ–ˆâ–ˆ[38;2;85;83;51mâ–ˆâ–ˆ[38;2;84;82;51mâ–ˆâ–ˆ[38;2;81;80;49mâ–ˆâ–ˆ[38;2;84;80;50mâ–ˆâ–ˆ[38;2;82;75;47mâ–ˆâ–ˆ[38;2;82;73;46mâ–ˆâ–ˆ[38;2;83;72;46mâ–ˆâ–ˆ[38;2;80;71;45mâ–ˆâ–ˆ[38;2;82;75;48mâ–ˆâ–ˆ[38;2;83;76;48mâ–ˆâ–ˆ[38;2;82;75;47mâ–ˆâ–ˆ[38;2;81;74;45mâ–ˆâ–ˆ[38;2;81;74;45mâ–ˆâ–ˆ[38;2;79;73;44mâ–ˆâ–ˆ[38;2;81;75;46mâ–ˆâ–ˆ[38;2;77;72;44mâ–ˆâ–ˆ[38;2;65;65;37mâ–ˆâ–ˆ[38;2;63;61;33mâ–ˆâ–ˆ[38;2;64;59;35mâ–ˆâ–ˆ[38;2;58;55;33mâ–ˆâ–ˆ
[38;2;7;6;1mâ–ˆâ–ˆ[38;2;8;7;2mâ–ˆâ–ˆ[38;2;10;8;2mâ–ˆâ–ˆ[38;2;15;11;4mâ–ˆâ–ˆ[38;2;25;22;8mâ–ˆâ–ˆ[38;2;33;31;11mâ–ˆâ–ˆ[38;2;34;32;12mâ–ˆâ–ˆ[38;2;34;31;12mâ–ˆâ–ˆ[38;2;33;30;13mâ–ˆâ–ˆ[38;2;35;32;15mâ–ˆâ–ˆ[38;2;42;39;21mâ–ˆâ–ˆ[38;2;46;42;25mâ–ˆâ–ˆ[38;2;42;39;22mâ–ˆâ–ˆ[38;2;53;43;22mâ–ˆâ–ˆ[38;2;73;59;35mâ–ˆâ–ˆ[38;2;217;210;202mâ–ˆâ–ˆ[38;2;242;240;240mâ–ˆâ–ˆ[38;2;238;235;234mâ–ˆâ–ˆ[38;2;227;216;212mâ–ˆâ–ˆ[38;2;230;221;219mâ–ˆâ–ˆ[38;2;186;175;175mâ–ˆâ–ˆ[38;2;42;35;32mâ–ˆâ–ˆ[38;2;104;95;95mâ–ˆâ–ˆ[38;2;236;229;231mâ–ˆâ–ˆ[38;2;230;226;228mâ–ˆâ–ˆ[38;2;213;207;193mâ–ˆâ–ˆ[38;2;98;90;53mâ–ˆâ–ˆ[38;2;91;85;49mâ–ˆâ–ˆ[38;2;86;83;46mâ–ˆâ–ˆ[38;2;82;78;42mâ–ˆâ–ˆ[38;2;88;82;47mâ–ˆâ–ˆ[38;2;94;88;54mâ–ˆâ–ˆ[38;2;86;83;51mâ–ˆâ–ˆ[38;2;83;80;49mâ–ˆâ–ˆ[38;2;84;77;48mâ–ˆâ–ˆ[38;2;81;74;45mâ–ˆâ–ˆ[38;2;80;73;45mâ–ˆâ–ˆ[38;2;81;73;46mâ–ˆâ–ˆ[38;2;86;76;48mâ–ˆâ–ˆ[38;2;89;79;49mâ–ˆâ–ˆ[38;2;84;76;46mâ–ˆâ–ˆ[38;2;83;75;46mâ–ˆâ–ˆ[38;2;83;76;47mâ–ˆâ–ˆ[38;2;83;75;46mâ–ˆâ–ˆ[38;2;82;75;46mâ–ˆâ–ˆ[38;2;77;71;43mâ–ˆâ–ˆ[38;2;68;66;37mâ–ˆâ–ˆ[38;2;65;61;34mâ–ˆâ–ˆ[38;2;64;59;35mâ–ˆâ–ˆ[38;2;53;52;31mâ–ˆâ–ˆ
[38;2;6;5;1mâ–ˆâ–ˆ[38;2;7;5;2mâ–ˆâ–ˆ[38;2;8;8;2mâ–ˆâ–ˆ[38;2;13;11;3mâ–ˆâ–ˆ[38;2;22;21;7mâ–ˆâ–ˆ[38;2;32;30;10mâ–ˆâ–ˆ[38;2;35;33;13mâ–ˆâ–ˆ[38;2;35;32;14mâ–ˆâ–ˆ[38;2;32;29;13mâ–ˆâ–ˆ[38;2;32;29;14mâ–ˆâ–ˆ[38;2;38;35;20mâ–ˆâ–ˆ[38;2;52;43;26mâ–ˆâ–ˆ[38;2;42;37;21mâ–ˆâ–ˆ[38;2;48;39;19mâ–ˆâ–ˆ[38;2;80;63;39mâ–ˆâ–ˆ[38;2;217;201;189mâ–ˆâ–ˆ[38;2;236;222;215mâ–ˆâ–ˆ[38;2;236;232;231mâ–ˆâ–ˆ[38;2;238;232;231mâ–ˆâ–ˆ[38;2;217;210;208mâ–ˆâ–ˆ[38;2;138;125;123mâ–ˆâ–ˆ[38;2;55;45;40mâ–ˆâ–ˆ[38;2;99;89;84mâ–ˆâ–ˆ[38;2;205;198;198mâ–ˆâ–ˆ[38;2;234;233;235mâ–ˆâ–ˆ[38;2;187;174;154mâ–ˆâ–ˆ[38;2;102;89;50mâ–ˆâ–ˆ[38;2;99;89;54mâ–ˆâ–ˆ[38;2;88;83;47mâ–ˆâ–ˆ[38;2;82;74;39mâ–ˆâ–ˆ[38;2;94;78;45mâ–ˆâ–ˆ[38;2;104;86;57mâ–ˆâ–ˆ[38;2;93;86;54mâ–ˆâ–ˆ[38;2;83;80;47mâ–ˆâ–ˆ[38;2;86;81;50mâ–ˆâ–ˆ[38;2;83;77;47mâ–ˆâ–ˆ[38;2;80;74;46mâ–ˆâ–ˆ[38;2;86;76;49mâ–ˆâ–ˆ[38;2;90;78;50mâ–ˆâ–ˆ[38;2;91;80;51mâ–ˆâ–ˆ[38;2;87;78;47mâ–ˆâ–ˆ[38;2;89;79;48mâ–ˆâ–ˆ[38;2;89;78;49mâ–ˆâ–ˆ[38;2;88;77;49mâ–ˆâ–ˆ[38;2;84;74;46mâ–ˆâ–ˆ[38;2;74;68;40mâ–ˆâ–ˆ[38;2;72;68;39mâ–ˆâ–ˆ[38;2;71;65;36mâ–ˆâ–ˆ[38;2;70;66;38mâ–ˆâ–ˆ[38;2;60;60;37mâ–ˆâ–ˆ
[38;2;9;7;2mâ–ˆâ–ˆ[38;2;10;9;2mâ–ˆâ–ˆ[38;2;10;10;2mâ–ˆâ–ˆ[38;2;11;12;3mâ–ˆâ–ˆ[38;2;19;20;6mâ–ˆâ–ˆ[38;2;29;29;10mâ–ˆâ–ˆ[38;2;35;33;13mâ–ˆâ–ˆ[38;2;36;33;15mâ–ˆâ–ˆ[38;2;34;31;14mâ–ˆâ–ˆ[38;2;33;30;13mâ–ˆâ–ˆ[38;2;42;38;20mâ–ˆâ–ˆ[38;2;66;52;33mâ–ˆâ–ˆ[38;2;49;39;22mâ–ˆâ–ˆ[38;2;40;34;15mâ–ˆâ–ˆ[38;2;166;156;142mâ–ˆâ–ˆ[38;2;234;222;214mâ–ˆâ–ˆ[38;2;229;190;165mâ–ˆâ–ˆ[38;2;232;223;219mâ–ˆâ–ˆ[38;2;220;214;214mâ–ˆâ–ˆ[38;2;177;167;165mâ–ˆâ–ˆ[38;2;156;138;133mâ–ˆâ–ˆ[38;2;154;137;131mâ–ˆâ–ˆ[38;2;180;168;164mâ–ˆâ–ˆ[38;2;210;202;201mâ–ˆâ–ˆ[38;2;217;207;203mâ–ˆâ–ˆ[38;2;147;126;94mâ–ˆâ–ˆ[38;2;106;89;51mâ–ˆâ–ˆ[38;2;99;87;53mâ–ˆâ–ˆ[38;2;93;84;51mâ–ˆâ–ˆ[38;2;91;77;45mâ–ˆâ–ˆ[38;2;92;74;43mâ–ˆâ–ˆ[38;2;94;77;48mâ–ˆâ–ˆ[38;2;88;81;48mâ–ˆâ–ˆ[38;2;85;79;44mâ–ˆâ–ˆ[38;2;93;83;50mâ–ˆâ–ˆ[38;2;95;86;56mâ–ˆâ–ˆ[38;2;89;80;51mâ–ˆâ–ˆ[38;2;89;77;50mâ–ˆâ–ˆ[38;2;91;79;50mâ–ˆâ–ˆ[38;2;90;78;48mâ–ˆâ–ˆ[38;2;86;77;46mâ–ˆâ–ˆ[38;2;89;78;48mâ–ˆâ–ˆ[38;2;88;77;47mâ–ˆâ–ˆ[38;2;89;78;49mâ–ˆâ–ˆ[38;2;85;74;47mâ–ˆâ–ˆ[38;2;77;70;41mâ–ˆâ–ˆ[38;2;79;70;41mâ–ˆâ–ˆ[38;2;82;68;41mâ–ˆâ–ˆ[38;2;79;69;41mâ–ˆâ–ˆ[38;2;73;66;42mâ–ˆâ–ˆ
[38;2;20;16;4mâ–ˆâ–ˆ[38;2;20;17;5mâ–ˆâ–ˆ[38;2;16;16;4mâ–ˆâ–ˆ[38;2;17;18;5mâ–ˆâ–ˆ[38;2;21;22;7mâ–ˆâ–ˆ[38;2;25;27;9mâ–ˆâ–ˆ[38;2;33;34;14mâ–ˆâ–ˆ[38;2;39;37;18mâ–ˆâ–ˆ[38;2;39;36;17mâ–ˆâ–ˆ[38;2;42;38;18mâ–ˆâ–ˆ[38;2;54;47;26mâ–ˆâ–ˆ[38;2;75;60;37mâ–ˆâ–ˆ[38;2;55;42;23mâ–ˆâ–ˆ[38;2;42;37;17mâ–ˆâ–ˆ[38;2;211;203;197mâ–ˆâ–ˆ[38;2;247;247;250mâ–ˆâ–ˆ[38;2;235;229;228mâ–ˆâ–ˆ[38;2;219;213;212mâ–ˆâ–ˆ[38;2;164;153;150mâ–ˆâ–ˆ[38;2;103;83;70mâ–ˆâ–ˆ[38;2;141;119;107mâ–ˆâ–ˆ[38;2;180;163;156mâ–ˆâ–ˆ[38;2;190;176;170mâ–ˆâ–ˆ[38;2;206;197;193mâ–ˆâ–ˆ[38;2;196;177;158mâ–ˆâ–ˆ[38;2;113;89;50mâ–ˆâ–ˆ[38;2;105;87;49mâ–ˆâ–ˆ[38;2;99;85;49mâ–ˆâ–ˆ[38;2;101;85;52mâ–ˆâ–ˆ[38;2;101;84;52mâ–ˆâ–ˆ[38;2;89;77;44mâ–ˆâ–ˆ[38;2;86;77;45mâ–ˆâ–ˆ[38;2;87;81;47mâ–ˆâ–ˆ[38;2;89;77;44mâ–ˆâ–ˆ[38;2;96;76;46mâ–ˆâ–ˆ[38;2;99;82;54mâ–ˆâ–ˆ[38;2;99;83;56mâ–ˆâ–ˆ[38;2;93;79;52mâ–ˆâ–ˆ[38;2;88;77;49mâ–ˆâ–ˆ[38;2;85;74;43mâ–ˆâ–ˆ[38;2;84;75;44mâ–ˆâ–ˆ[38;2;85;75;45mâ–ˆâ–ˆ[38;2;85;74;44mâ–ˆâ–ˆ[38;2;84;73;44mâ–ˆâ–ˆ[38;2;78;70;42mâ–ˆâ–ˆ[38;2;78;71;41mâ–ˆâ–ˆ[38;2;81;70;42mâ–ˆâ–ˆ[38;2;81;68;41mâ–ˆâ–ˆ[38;2;74;66;38mâ–ˆâ–ˆ[38;2;69;62;38mâ–ˆâ–ˆ
[38;2;32;26;7mâ–ˆâ–ˆ[38;2;32;27;8mâ–ˆâ–ˆ[38;2;26;25;7mâ–ˆâ–ˆ[38;2;25;26;7mâ–ˆâ–ˆ[38;2;25;27;8mâ–ˆâ–ˆ[38;2;27;28;9mâ–ˆâ–ˆ[38;2;37;36;16mâ–ˆâ–ˆ[38;2;43;42;21mâ–ˆâ–ˆ[38;2;46;43;22mâ–ˆâ–ˆ[38;2;53;47;24mâ–ˆâ–ˆ[38;2;65;55;30mâ–ˆâ–ˆ[38;2;76;61;35mâ–ˆâ–ˆ[38;2;57;45;23mâ–ˆâ–ˆ[38;2;55;47;25mâ–ˆâ–ˆ[38;2;210;204;200mâ–ˆâ–ˆ[38;2;241;239;241mâ–ˆâ–ˆ[38;2;229;227;227mâ–ˆâ–ˆ[38;2;199;191;190mâ–ˆâ–ˆ[38;2;112;101;97mâ–ˆâ–ˆ[38;2;96;49;5mâ–ˆâ–ˆ[38;2;96;61;31mâ–ˆâ–ˆ[38;2;166;158;156mâ–ˆâ–ˆ[38;2;172;167;165mâ–ˆâ–ˆ[38;2;132;131;113mâ–ˆâ–ˆ[38;2;209;197;182mâ–ˆâ–ˆ[38;2;120;96;58mâ–ˆâ–ˆ[38;2;105;84;47mâ–ˆâ–ˆ[38;2;100;82;47mâ–ˆâ–ˆ[38;2;101;82;49mâ–ˆâ–ˆ[38;2;103;85;52mâ–ˆâ–ˆ[38;2;95;82;49mâ–ˆâ–ˆ[38;2;90;80;48mâ–ˆâ–ˆ[38;2;94;83;51mâ–ˆâ–ˆ[38;2;94;78;46mâ–ˆâ–ˆ[38;2;90;75;43mâ–ˆâ–ˆ[38;2;93;79;49mâ–ˆâ–ˆ[38;2;96;79;52mâ–ˆâ–ˆ[38;2;96;79;52mâ–ˆâ–ˆ[38;2;88;76;47mâ–ˆâ–ˆ[38;2;84;73;43mâ–ˆâ–ˆ[38;2;89;78;48mâ–ˆâ–ˆ[38;2;90;76;47mâ–ˆâ–ˆ[38;2;90;76;47mâ–ˆâ–ˆ[38;2;87;74;46mâ–ˆâ–ˆ[38;2;78;69;41mâ–ˆâ–ˆ[38;2;76;69;40mâ–ˆâ–ˆ[38;2;77;67;39mâ–ˆâ–ˆ[38;2;80;68;40mâ–ˆâ–ˆ[38;2;74;67;39mâ–ˆâ–ˆ[38;2;67;62;35mâ–ˆâ–ˆ
[38;2;40;31;9mâ–ˆâ–ˆ[38;2;39;32;10mâ–ˆâ–ˆ[38;2;32;31;9mâ–ˆâ–ˆ[38;2;27;30;8mâ–ˆâ–ˆ[38;2;28;30;8mâ–ˆâ–ˆ[38;2;29;31;9mâ–ˆâ–ˆ[38;2;42;39;19mâ–ˆâ–ˆ[38;2;51;47;26mâ–ˆâ–ˆ[38;2;51;49;25mâ–ˆâ–ˆ[38;2;59;52;27mâ–ˆâ–ˆ[38;2;68;58;31mâ–ˆâ–ˆ[38;2;78;62;35mâ–ˆâ–ˆ[38;2;71;55;29mâ–ˆâ–ˆ[38;2;93;78;54mâ–ˆâ–ˆ[38;2;231;227;226mâ–ˆâ–ˆ[38;2;247;247;249mâ–ˆâ–ˆ[38;2;229;227;229mâ–ˆâ–ˆ[38;2;203;197;199mâ–ˆâ–ˆ[38;2;163;158;157mâ–ˆâ–ˆ[38;2;100;87;78mâ–ˆâ–ˆ[38;2;78;52;30mâ–ˆâ–ˆ[38;2;103;85;67mâ–ˆâ–ˆ[38;2;92;93;73mâ–ˆâ–ˆ[38;2;133;131;120mâ–ˆâ–ˆ[38;2;219;210;205mâ–ˆâ–ˆ[38;2;118;98;59mâ–ˆâ–ˆ[38;2;103;83;44mâ–ˆâ–ˆ[38;2;101;81;45mâ–ˆâ–ˆ[38;2;102;83;47mâ–ˆâ–ˆ[38;2;107;87;53mâ–ˆâ–ˆ[38;2;102;83;52mâ–ˆâ–ˆ[38;2;92;78;47mâ–ˆâ–ˆ[38;2;99;83;51mâ–ˆâ–ˆ[38;2;98;83;51mâ–ˆâ–ˆ[38;2;89;78;46mâ–ˆâ–ˆ[38;2;91;79;46mâ–ˆâ–ˆ[38;2;97;80;50mâ–ˆâ–ˆ[38;2;100;82;53mâ–ˆâ–ˆ[38;2;92;76;49mâ–ˆâ–ˆ[38;2;83;70;42mâ–ˆâ–ˆ[38;2;90;75;46mâ–ˆâ–ˆ[38;2;90;77;47mâ–ˆâ–ˆ[38;2;90;77;47mâ–ˆâ–ˆ[38;2;87;75;47mâ–ˆâ–ˆ[38;2;80;68;41mâ–ˆâ–ˆ[38;2;73;65;37mâ–ˆâ–ˆ[38;2;74;65;36mâ–ˆâ–ˆ[38;2;80;68;40mâ–ˆâ–ˆ[38;2;75;67;39mâ–ˆâ–ˆ[38;2;67;62;34mâ–ˆâ–ˆ
[38;2;42;34;9mâ–ˆâ–ˆ[38;2;38;34;9mâ–ˆâ–ˆ[38;2;39;34;11mâ–ˆâ–ˆ[38;2;37;34;12mâ–ˆâ–ˆ[38;2;28;30;8mâ–ˆâ–ˆ[38;2;27;30;8mâ–ˆâ–ˆ[38;2;41;39;18mâ–ˆâ–ˆ[38;2;54;49;27mâ–ˆâ–ˆ[38;2;54;51;26mâ–ˆâ–ˆ[38;2;64;56;29mâ–ˆâ–ˆ[38;2;72;61;33mâ–ˆâ–ˆ[38;2;77;61;33mâ–ˆâ–ˆ[38;2;70;53;23mâ–ˆâ–ˆ[38;2;139;125;106mâ–ˆâ–ˆ[38;2;247;245;247mâ–ˆâ–ˆ[38;2;239;238;241mâ–ˆâ–ˆ[38;2;223;219;223mâ–ˆâ–ˆ[38;2;197;192;192mâ–ˆâ–ˆ[38;2;191;183;181mâ–ˆâ–ˆ[38;2;194;191;193mâ–ˆâ–ˆ[38;2;117;112;111mâ–ˆâ–ˆ[38;2;47;66;72mâ–ˆâ–ˆ[38;2;122;129;128mâ–ˆâ–ˆ[38;2;213;210;211mâ–ˆâ–ˆ[38;2;201;190;181mâ–ˆâ–ˆ[38;2;107;88;47mâ–ˆâ–ˆ[38;2;100;82;42mâ–ˆâ–ˆ[38;2;99;82;42mâ–ˆâ–ˆ[38;2;104;85;44mâ–ˆâ–ˆ[38;2;108;88;52mâ–ˆâ–ˆ[38;2;104;84;54mâ–ˆâ–ˆ[38;2;94;77;48mâ–ˆâ–ˆ[38;2;100;81;50mâ–ˆâ–ˆ[38;2;102;83;52mâ–ˆâ–ˆ[38;2;92;77;48mâ–ˆâ–ˆ[38;2;91;75;45mâ–ˆâ–ˆ[38;2;95;78;45mâ–ˆâ–ˆ[38;2;97;79;49mâ–ˆâ–ˆ[38;2;92;74;48mâ–ˆâ–ˆ[38;2;83;69;42mâ–ˆâ–ˆ[38;2;89;73;44mâ–ˆâ–ˆ[38;2;89;73;44mâ–ˆâ–ˆ[38;2;80;69;39mâ–ˆâ–ˆ[38;2;77;66;38mâ–ˆâ–ˆ[38;2;71;63;36mâ–ˆâ–ˆ[38;2;71;63;36mâ–ˆâ–ˆ[38;2;75;64;36mâ–ˆâ–ˆ[38;2;71;63;36mâ–ˆâ–ˆ[38;2;65;58;34mâ–ˆâ–ˆ[38;2;58;54;31mâ–ˆâ–ˆ
[38;2;48;36;12mâ–ˆâ–ˆ[38;2;39;33;8mâ–ˆâ–ˆ[38;2;46;37;15mâ–ˆâ–ˆ[38;2;48;40;18mâ–ˆâ–ˆ[38;2;36;34;11mâ–ˆâ–ˆ[38;2;37;34;12mâ–ˆâ–ˆ[38;2;38;36;15mâ–ˆâ–ˆ[38;2;53;47;26mâ–ˆâ–ˆ[38;2;55;52;26mâ–ˆâ–ˆ[38;2;65;56;30mâ–ˆâ–ˆ[38;2;71;58;31mâ–ˆâ–ˆ[38;2;67;52;23mâ–ˆâ–ˆ[38;2;74;56;27mâ–ˆâ–ˆ[38;2;204;197;192mâ–ˆâ–ˆ[38;2;237;235;238mâ–ˆâ–ˆ[38;2;220;218;220mâ–ˆâ–ˆ[38;2;215;212;215mâ–ˆâ–ˆ[38;2;191;186;187mâ–ˆâ–ˆ[38;2;188;182;181mâ–ˆâ–ˆ[38;2;200;194;195mâ–ˆâ–ˆ[38;2;102;109;116mâ–ˆâ–ˆ[38;2;32;51;57mâ–ˆâ–ˆ[38;2;144;149;151mâ–ˆâ–ˆ[38;2;221;219;222mâ–ˆâ–ˆ[38;2;178;165;151mâ–ˆâ–ˆ[38;2;100;80;40mâ–ˆâ–ˆ[38;2;95;80;40mâ–ˆâ–ˆ[38;2;96;81;41mâ–ˆâ–ˆ[38;2;101;82;43mâ–ˆâ–ˆ[38;2;101;81;45mâ–ˆâ–ˆ[38;2;96;77;46mâ–ˆâ–ˆ[38;2;93;76;47mâ–ˆâ–ˆ[38;2;96;77;46mâ–ˆâ–ˆ[38;2;94;76;46mâ–ˆâ–ˆ[38;2;87;70;43mâ–ˆâ–ˆ[38;2;84;68;40mâ–ˆâ–ˆ[38;2;87;70;41mâ–ˆâ–ˆ[38;2;86;69;40mâ–ˆâ–ˆ[38;2;80;65;37mâ–ˆâ–ˆ[38;2;78;64;37mâ–ˆâ–ˆ[38;2;79;65;35mâ–ˆâ–ˆ[38;2;75;61;32mâ–ˆâ–ˆ[38;2;68;58;29mâ–ˆâ–ˆ[38;2;63;56;26mâ–ˆâ–ˆ[38;2;58;55;25mâ–ˆâ–ˆ[38;2;61;56;26mâ–ˆâ–ˆ[38;2;64;57;28mâ–ˆâ–ˆ[38;2;64;57;31mâ–ˆâ–ˆ[38;2;60;55;32mâ–ˆâ–ˆ[38;2;62;55;32mâ–ˆâ–ˆ
[38;2;50;37;12mâ–ˆâ–ˆ[38;2;46;36;11mâ–ˆâ–ˆ[38;2;47;39;15mâ–ˆâ–ˆ[38;2;40;35;12mâ–ˆâ–ˆ[38;2;42;38;14mâ–ˆâ–ˆ[38;2;54;45;21mâ–ˆâ–ˆ[38;2;45;39;19mâ–ˆâ–ˆ[38;2;52;45;25mâ–ˆâ–ˆ[38;2;55;49;25mâ–ˆâ–ˆ[38;2;61;51;25mâ–ˆâ–ˆ[38;2;69;50;24mâ–ˆâ–ˆ[38;2;62;47;18mâ–ˆâ–ˆ[38;2;85;75;57mâ–ˆâ–ˆ[38;2;218;216;221mâ–ˆâ–ˆ[38;2;227;225;226mâ–ˆâ–ˆ[38;2;214;211;212mâ–ˆâ–ˆ[38;2;201;196;197mâ–ˆâ–ˆ[38;2;190;184;187mâ–ˆâ–ˆ[38;2;192;187;189mâ–ˆâ–ˆ[38;2;191;187;187mâ–ˆâ–ˆ[38;2;91;94;95mâ–ˆâ–ˆ[38;2;39;67;79mâ–ˆâ–ˆ[38;2;139;144;145mâ–ˆâ–ˆ[38;2;229;226;230mâ–ˆâ–ˆ[38;2;179;168;151mâ–ˆâ–ˆ[38;2;92;75;35mâ–ˆâ–ˆ[38;2;91;77;38mâ–ˆâ–ˆ[38;2;95;79;42mâ–ˆâ–ˆ[38;2;96;77;41mâ–ˆâ–ˆ[38;2;93;72;38mâ–ˆâ–ˆ[38;2;88;70;37mâ–ˆâ–ˆ[38;2;88;71;41mâ–ˆâ–ˆ[38;2;88;70;39mâ–ˆâ–ˆ[38;2;84;67;37mâ–ˆâ–ˆ[38;2;80;65;36mâ–ˆâ–ˆ[38;2;78;64;35mâ–ˆâ–ˆ[38;2;80;64;36mâ–ˆâ–ˆ[38;2;78;61;33mâ–ˆâ–ˆ[38;2;71;59;29mâ–ˆâ–ˆ[38;2;70;59;29mâ–ˆâ–ˆ[38;2;69;56;25mâ–ˆâ–ˆ[38;2;66;53;22mâ–ˆâ–ˆ[38;2;62;53;22mâ–ˆâ–ˆ[38;2;61;53;21mâ–ˆâ–ˆ[38;2;57;53;18mâ–ˆâ–ˆ[38;2;58;53;20mâ–ˆâ–ˆ[38;2;66;58;28mâ–ˆâ–ˆ[38;2;76;66;37mâ–ˆâ–ˆ[38;2;75;64;37mâ–ˆâ–ˆ[38;2;74;64;36mâ–ˆâ–ˆ
[38;2;50;39;12mâ–ˆâ–ˆ[38;2;51;40;13mâ–ˆâ–ˆ[38;2;48;41;12mâ–ˆâ–ˆ[38;2;42;39;10mâ–ˆâ–ˆ[38;2;45;40;12mâ–ˆâ–ˆ[38;2;60;50;23mâ–ˆâ–ˆ[38;2;61;52;27mâ–ˆâ–ˆ[38;2;64;54;30mâ–ˆâ–ˆ[38;2;65;54;28mâ–ˆâ–ˆ[38;2;66;51;25mâ–ˆâ–ˆ[38;2;70;49;24mâ–ˆâ–ˆ[38;2;65;48;20mâ–ˆâ–ˆ[38;2;75;69;55mâ–ˆâ–ˆ[38;2;211;209;214mâ–ˆâ–ˆ[38;2;218;216;217mâ–ˆâ–ˆ[38;2;207;202;201mâ–ˆâ–ˆ[38;2;190;185;186mâ–ˆâ–ˆ[38;2;180;174;176mâ–ˆâ–ˆ[38;2;192;187;188mâ–ˆâ–ˆ[38;2;187;182;185mâ–ˆâ–ˆ[38;2;73;77;76mâ–ˆâ–ˆ[38;2;48;54;50mâ–ˆâ–ˆ[38;2;168;164;163mâ–ˆâ–ˆ[38;2;223;221;225mâ–ˆâ–ˆ[38;2;188;178;166mâ–ˆâ–ˆ[38;2;88;72;33mâ–ˆâ–ˆ[38;2;88;74;36mâ–ˆâ–ˆ[38;2;90;74;38mâ–ˆâ–ˆ[38;2;90;70;36mâ–ˆâ–ˆ[38;2;88;68;33mâ–ˆâ–ˆ[38;2;85;68;34mâ–ˆâ–ˆ[38;2;82;69;35mâ–ˆâ–ˆ[38;2;85;67;35mâ–ˆâ–ˆ[38;2;85;67;37mâ–ˆâ–ˆ[38;2;82;66;38mâ–ˆâ–ˆ[38;2;79;64;35mâ–ˆâ–ˆ[38;2;78;64;35mâ–ˆâ–ˆ[38;2;74;60;29mâ–ˆâ–ˆ[38;2;67;57;25mâ–ˆâ–ˆ[38;2;63;55;21mâ–ˆâ–ˆ[38;2;64;52;20mâ–ˆâ–ˆ[38;2;65;51;20mâ–ˆâ–ˆ[38;2;62;51;19mâ–ˆâ–ˆ[38;2;59;51;17mâ–ˆâ–ˆ[38;2;67;57;23mâ–ˆâ–ˆ[38;2;75;64;33mâ–ˆâ–ˆ[38;2;73;62;31mâ–ˆâ–ˆ[38;2;77;67;36mâ–ˆâ–ˆ[38;2;79;66;36mâ–ˆâ–ˆ[38;2;81;67;38mâ–ˆâ–ˆ
[38;2;51;40;12mâ–ˆâ–ˆ[38;2;57;45;16mâ–ˆâ–ˆ[38;2;60;49;19mâ–ˆâ–ˆ[38;2;62;51;20mâ–ˆâ–ˆ[38;2;62;53;22mâ–ˆâ–ˆ[38;2;71;60;30mâ–ˆâ–ˆ[38;2;77;65;36mâ–ˆâ–ˆ[38;2;76;62;34mâ–ˆâ–ˆ[38;2;77;62;34mâ–ˆâ–ˆ[38;2;78;58;31mâ–ˆâ–ˆ[38;2;74;54;28mâ–ˆâ–ˆ[38;2;71;52;24mâ–ˆâ–ˆ[38;2;73;63;44mâ–ˆâ–ˆ[38;2;167;165;168mâ–ˆâ–ˆ[38;2;209;207;208mâ–ˆâ–ˆ[38;2;200;196;196mâ–ˆâ–ˆ[38;2;178;169;168mâ–ˆâ–ˆ[38;2;180;175;174mâ–ˆâ–ˆ[38;2;195;191;192mâ–ˆâ–ˆ[38;2;180;176;180mâ–ˆâ–ˆ[38;2;49;70;80mâ–ˆâ–ˆ[38;2;96;108;115mâ–ˆâ–ˆ[38;2;211;208;211mâ–ˆâ–ˆ[38;2;233;231;237mâ–ˆâ–ˆ[38;2;173;163;151mâ–ˆâ–ˆ[38;2;83;65;30mâ–ˆâ–ˆ[38;2;91;74;41mâ–ˆâ–ˆ[38;2;86;69;38mâ–ˆâ–ˆ[38;2;86;65;35mâ–ˆâ–ˆ[38;2;85;65;32mâ–ˆâ–ˆ[38;2;81;65;32mâ–ˆâ–ˆ[38;2;77;66;31mâ–ˆâ–ˆ[38;2;85;66;33mâ–ˆâ–ˆ[38;2;91;68;39mâ–ˆâ–ˆ[38;2;86;64;38mâ–ˆâ–ˆ[38;2;80;62;33mâ–ˆâ–ˆ[38;2;77;64;32mâ–ˆâ–ˆ[38;2;72;60;29mâ–ˆâ–ˆ[38;2;65;55;22mâ–ˆâ–ˆ[38;2;62;52;19mâ–ˆâ–ˆ[38;2;60;47;17mâ–ˆâ–ˆ[38;2;63;49;18mâ–ˆâ–ˆ[38;2;61;50;17mâ–ˆâ–ˆ[38;2;61;51;16mâ–ˆâ–ˆ[38;2;69;56;23mâ–ˆâ–ˆ[38;2;81;62;31mâ–ˆâ–ˆ[38;2;80;62;30mâ–ˆâ–ˆ[38;2;75;62;29mâ–ˆâ–ˆ[38;2;77;64;33mâ–ˆâ–ˆ[38;2;83;66;38mâ–ˆâ–ˆ
[38;2;71;52;22mâ–ˆâ–ˆ[38;2;71;53;23mâ–ˆâ–ˆ[38;2;71;55;26mâ–ˆâ–ˆ[38;2;81;64;36mâ–ˆâ–ˆ[38;2;81;64;35mâ–ˆâ–ˆ[38;2;75;61;29mâ–ˆâ–ˆ[38;2;77;65;33mâ–ˆâ–ˆ[38;2;78;63;33mâ–ˆâ–ˆ[38;2;86;69;41mâ–ˆâ–ˆ[38;2;88;68;40mâ–ˆâ–ˆ[38;2;78;58;31mâ–ˆâ–ˆ[38;2;76;56;28mâ–ˆâ–ˆ[38;2;88;72;44mâ–ˆâ–ˆ[38;2;118;112;105mâ–ˆâ–ˆ[38;2;177;173;173mâ–ˆâ–ˆ[38;2;186;184;185mâ–ˆâ–ˆ[38;2;186;181;181mâ–ˆâ–ˆ[38;2;190;186;188mâ–ˆâ–ˆ[38;2;196;191;195mâ–ˆâ–ˆ[38;2;156;157;160mâ–ˆâ–ˆ[38;2;36;56;67mâ–ˆâ–ˆ[38;2;133;141;149mâ–ˆâ–ˆ[38;2;230;227;233mâ–ˆâ–ˆ[38;2;222;220;225mâ–ˆâ–ˆ[38;2;143;128;111mâ–ˆâ–ˆ[38;2;95;70;40mâ–ˆâ–ˆ[38;2;105;80;54mâ–ˆâ–ˆ[38;2;91;69;42mâ–ˆâ–ˆ[38;2;83;61;33mâ–ˆâ–ˆ[38;2;82;62;31mâ–ˆâ–ˆ[38;2;79;62;29mâ–ˆâ–ˆ[38;2;79;62;29mâ–ˆâ–ˆ[38;2;86;64;33mâ–ˆâ–ˆ[38;2;95;65;37mâ–ˆâ–ˆ[38;2;93;64;39mâ–ˆâ–ˆ[38;2;85;63;33mâ–ˆâ–ˆ[38;2;79;62;28mâ–ˆâ–ˆ[38;2;76;61;29mâ–ˆâ–ˆ[38;2;73;57;26mâ–ˆâ–ˆ[38;2;65;51;19mâ–ˆâ–ˆ[38;2;59;43;13mâ–ˆâ–ˆ[38;2;61;45;14mâ–ˆâ–ˆ[38;2;62;47;14mâ–ˆâ–ˆ[38;2;64;50;19mâ–ˆâ–ˆ[38;2;70;52;22mâ–ˆâ–ˆ[38;2;73;51;19mâ–ˆâ–ˆ[38;2;76;53;22mâ–ˆâ–ˆ[38;2;77;57;25mâ–ˆâ–ˆ[38;2;78;61;29mâ–ˆâ–ˆ[38;2;73;56;26mâ–ˆâ–ˆ
[38;2;74;52;24mâ–ˆâ–ˆ[38;2;76;56;25mâ–ˆâ–ˆ[38;2;75;57;25mâ–ˆâ–ˆ[38;2;81;61;30mâ–ˆâ–ˆ[38;2;82;63;30mâ–ˆâ–ˆ[38;2;81;62;29mâ–ˆâ–ˆ[38;2;79;62;28mâ–ˆâ–ˆ[38;2;79;63;32mâ–ˆâ–ˆ[38;2;85;67;39mâ–ˆâ–ˆ[38;2;84;66;35mâ–ˆâ–ˆ[38;2;73;54;24mâ–ˆâ–ˆ[38;2;66;47;16mâ–ˆâ–ˆ[38;2;91;76;47mâ–ˆâ–ˆ[38;2;119;112;102mâ–ˆâ–ˆ[38;2;121;107;92mâ–ˆâ–ˆ[38;2;149;140;131mâ–ˆâ–ˆ[38;2;171;167;165mâ–ˆâ–ˆ[38;2;176;173;174mâ–ˆâ–ˆ[38;2;174;170;173mâ–ˆâ–ˆ[38;2;120;121;124mâ–ˆâ–ˆ[38;2;33;40;43mâ–ˆâ–ˆ[38;2;187;186;191mâ–ˆâ–ˆ[38;2;235;233;239mâ–ˆâ–ˆ[38;2;208;205;208mâ–ˆâ–ˆ[38;2;115;93;70mâ–ˆâ–ˆ[38;2;95;65;38mâ–ˆâ–ˆ[38;2;101;71;43mâ–ˆâ–ˆ[38;2;87;63;33mâ–ˆâ–ˆ[38;2;80;56;29mâ–ˆâ–ˆ[38;2;78;55;27mâ–ˆâ–ˆ[38;2;76;56;26mâ–ˆâ–ˆ[38;2;80;58;31mâ–ˆâ–ˆ[38;2;82;56;29mâ–ˆâ–ˆ[38;2;84;52;26mâ–ˆâ–ˆ[38;2;87;54;31mâ–ˆâ–ˆ[38;2;81;59;29mâ–ˆâ–ˆ[38;2;74;56;24mâ–ˆâ–ˆ[38;2;76;58;28mâ–ˆâ–ˆ[38;2;77;57;27mâ–ˆâ–ˆ[38;2;73;53;21mâ–ˆâ–ˆ[38;2;76;54;26mâ–ˆâ–ˆ[38;2;77;53;25mâ–ˆâ–ˆ[38;2;81;57;29mâ–ˆâ–ˆ[38;2;88;63;38mâ–ˆâ–ˆ[38;2;100;70;46mâ–ˆâ–ˆ[38;2;103;73;49mâ–ˆâ–ˆ[38;2;95;68;46mâ–ˆâ–ˆ[38;2;92;71;52mâ–ˆâ–ˆ[38;2;71;53;31mâ–ˆâ–ˆ[38;2;73;53;25mâ–ˆâ–ˆ
[38;2;57;40;15mâ–ˆâ–ˆ[38;2;66;48;18mâ–ˆâ–ˆ[38;2;66;48;15mâ–ˆâ–ˆ[38;2;67;50;17mâ–ˆâ–ˆ[38;2;70;52;16mâ–ˆâ–ˆ[38;2;77;58;23mâ–ˆâ–ˆ[38;2;77;58;24mâ–ˆâ–ˆ[38;2;77;57;25mâ–ˆâ–ˆ[38;2;75;55;24mâ–ˆâ–ˆ[38;2;71;53;21mâ–ˆâ–ˆ[38;2;67;49;19mâ–ˆâ–ˆ[38;2;71;51;23mâ–ˆâ–ˆ[38;2;90;70;44mâ–ˆâ–ˆ[38;2;147;137;130mâ–ˆâ–ˆ[38;2;124;113;103mâ–ˆâ–ˆ[38;2;103;89;71mâ–ˆâ–ˆ[38;2;98;83;66mâ–ˆâ–ˆ[38;2;103;88;75mâ–ˆâ–ˆ[38;2;101;88;79mâ–ˆâ–ˆ[38;2;69;60;56mâ–ˆâ–ˆ[38;2;50;48;46mâ–ˆâ–ˆ[38;2;195;190;193mâ–ˆâ–ˆ[38;2;214;210;215mâ–ˆâ–ˆ[38;2;174;164;162mâ–ˆâ–ˆ[38;2;109;76;53mâ–ˆâ–ˆ[38;2;107;73;50mâ–ˆâ–ˆ[38;2;104;71;46mâ–ˆâ–ˆ[38;2;103;72;46mâ–ˆâ–ˆ[38;2;104;73;50mâ–ˆâ–ˆ[38;2;107;73;50mâ–ˆâ–ˆ[38;2;114;81;59mâ–ˆâ–ˆ[38;2;119;85;65mâ–ˆâ–ˆ[38;2;132;95;77mâ–ˆâ–ˆ[38;2;128;92;76mâ–ˆâ–ˆ[38;2;109;78;65mâ–ˆâ–ˆ[38;2;105;82;68mâ–ˆâ–ˆ[38;2;85;69;55mâ–ˆâ–ˆ[38;2;86;72;58mâ–ˆâ–ˆ[38;2;98;79;65mâ–ˆâ–ˆ[38;2;123;96;82mâ–ˆâ–ˆ[38;2;120;93;81mâ–ˆâ–ˆ[38;2;147;113;101mâ–ˆâ–ˆ[38;2;159;122;110mâ–ˆâ–ˆ[38;2;145;113;102mâ–ˆâ–ˆ[38;2;143;112;102mâ–ˆâ–ˆ[38;2;144;114;106mâ–ˆâ–ˆ[38;2;100;76;68mâ–ˆâ–ˆ[38;2;84;66;58mâ–ˆâ–ˆ[38;2;82;66;58mâ–ˆâ–ˆ[38;2;115;91;81mâ–ˆâ–ˆ
[38;2;52;35;12mâ–ˆâ–ˆ[38;2;55;40;10mâ–ˆâ–ˆ[38;2;58;42;9mâ–ˆâ–ˆ[38;2;67;50;17mâ–ˆâ–ˆ[38;2;81;65;38mâ–ˆâ–ˆ[38;2;88;71;50mâ–ˆâ–ˆ[38;2;79;65;48mâ–ˆâ–ˆ[38;2;93;76;61mâ–ˆâ–ˆ[38;2;84;66;53mâ–ˆâ–ˆ[38;2;69;53;42mâ–ˆâ–ˆ[38;2;76;62;54mâ–ˆâ–ˆ[38;2;82;66;58mâ–ˆâ–ˆ[38;2;70;56;44mâ–ˆâ–ˆ[38;2;78;65;52mâ–ˆâ–ˆ[38;2;82;67;54mâ–ˆâ–ˆ[38;2;104;84;73mâ–ˆâ–ˆ[38;2;111;88;76mâ–ˆâ–ˆ[38;2;85;65;53mâ–ˆâ–ˆ[38;2;71;53;45mâ–ˆâ–ˆ[38;2;50;36;30mâ–ˆâ–ˆ[38;2;65;47;41mâ–ˆâ–ˆ[38;2;90;70;65mâ–ˆâ–ˆ[38;2;97;79;73mâ–ˆâ–ˆ[38;2;103;81;73mâ–ˆâ–ˆ[38;2;113;85;74mâ–ˆâ–ˆ[38;2;117;88;78mâ–ˆâ–ˆ[38;2;129;99;89mâ–ˆâ–ˆ[38;2;144;112;101mâ–ˆâ–ˆ[38;2;138;107;98mâ–ˆâ–ˆ[38;2;166;127;117mâ–ˆâ–ˆ[38;2;161;124;115mâ–ˆâ–ˆ[38;2;138;108;100mâ–ˆâ–ˆ[38;2;144;114;109mâ–ˆâ–ˆ[38;2;138;108;103mâ–ˆâ–ˆ[38;2;103;77;71mâ–ˆâ–ˆ[38;2;97;74;66mâ–ˆâ–ˆ[38;2;83;66;55mâ–ˆâ–ˆ[38;2;105;86;79mâ–ˆâ–ˆ[38;2;123;99;92mâ–ˆâ–ˆ[38;2;126;104;98mâ–ˆâ–ˆ[38;2;115;93;85mâ–ˆâ–ˆ[38;2;120;94;83mâ–ˆâ–ˆ[38;2;122;93;82mâ–ˆâ–ˆ[38;2;108;81;73mâ–ˆâ–ˆ[38;2;130;103;97mâ–ˆâ–ˆ[38;2;135;106;98mâ–ˆâ–ˆ[38;2;120;93;83mâ–ˆâ–ˆ[38;2;105;78;67mâ–ˆâ–ˆ[38;2;92;70;62mâ–ˆâ–ˆ[38;2;99;81;76mâ–ˆâ–ˆ
[38;2;45;31;7mâ–ˆâ–ˆ[38;2;48;36;7mâ–ˆâ–ˆ[38;2;61;45;13mâ–ˆâ–ˆ[38;2;69;54;22mâ–ˆâ–ˆ[38;2;77;63;42mâ–ˆâ–ˆ[38;2;82;70;53mâ–ˆâ–ˆ[38;2;79;67;53mâ–ˆâ–ˆ[38;2;93;78;70mâ–ˆâ–ˆ[38;2;97;81;76mâ–ˆâ–ˆ[38;2;91;76;69mâ–ˆâ–ˆ[38;2;82;66;59mâ–ˆâ–ˆ[38;2;79;60;52mâ–ˆâ–ˆ[38;2;100;79;70mâ–ˆâ–ˆ[38;2;102;83;72mâ–ˆâ–ˆ[38;2;113;93;83mâ–ˆâ–ˆ[38;2;106;85;73mâ–ˆâ–ˆ[38;2;106;86;76mâ–ˆâ–ˆ[38;2;95;74;65mâ–ˆâ–ˆ[38;2;86;65;59mâ–ˆâ–ˆ[38;2;119;93;88mâ–ˆâ–ˆ[38;2;122;96;91mâ–ˆâ–ˆ[38;2;102;77;70mâ–ˆâ–ˆ[38;2;110;81;72mâ–ˆâ–ˆ[38;2;127;93;82mâ–ˆâ–ˆ[38;2;131;99;89mâ–ˆâ–ˆ[38;2;128;97;88mâ–ˆâ–ˆ[38;2;130;100;92mâ–ˆâ–ˆ[38;2;117;93;84mâ–ˆâ–ˆ[38;2;106;83;73mâ–ˆâ–ˆ[38;2;102;78;67mâ–ˆâ–ˆ[38;2;96;73;64mâ–ˆâ–ˆ[38;2;98;76;69mâ–ˆâ–ˆ[38;2;125;99;92mâ–ˆâ–ˆ[38;2;135;104;96mâ–ˆâ–ˆ[38;2;132;99;90mâ–ˆâ–ˆ[38;2;138;102;93mâ–ˆâ–ˆ[38;2;117;90;82mâ–ˆâ–ˆ[38;2;103;80;72mâ–ˆâ–ˆ[38;2;104;80;72mâ–ˆâ–ˆ[38;2;86;67;58mâ–ˆâ–ˆ[38;2;82;62;50mâ–ˆâ–ˆ[38;2;76;52;41mâ–ˆâ–ˆ[38;2;76;50;39mâ–ˆâ–ˆ[38;2;83;55;45mâ–ˆâ–ˆ[38;2;90;64;52mâ–ˆâ–ˆ[38;2;84;59;49mâ–ˆâ–ˆ[38;2;108;80;70mâ–ˆâ–ˆ[38;2;101;74;65mâ–ˆâ–ˆ[38;2;72;54;44mâ–ˆâ–ˆ[38;2;63;48;38mâ–ˆâ–ˆ
[38;2;42;31;6mâ–ˆâ–ˆ[38;2;45;34;6mâ–ˆâ–ˆ[38;2;59;45;13mâ–ˆâ–ˆ[38;2;67;53;22mâ–ˆâ–ˆ[38;2;69;57;35mâ–ˆâ–ˆ[38;2;75;64;48mâ–ˆâ–ˆ[38;2;93;77;63mâ–ˆâ–ˆ[38;2;105;85;74mâ–ˆâ–ˆ[38;2;109;87;80mâ–ˆâ–ˆ[38;2;103;80;73mâ–ˆâ–ˆ[38;2;105;83;76mâ–ˆâ–ˆ[38;2;86;67;60mâ–ˆâ–ˆ[38;2;79;59;48mâ–ˆâ–ˆ[38;2;79;62;49mâ–ˆâ–ˆ[38;2;90;72;60mâ–ˆâ–ˆ[38;2;80;63;50mâ–ˆâ–ˆ[38;2;77;59;46mâ–ˆâ–ˆ[38;2;111;85;75mâ–ˆâ–ˆ[38;2;102;77;69mâ–ˆâ–ˆ[38;2;125;94;86mâ–ˆâ–ˆ[38;2;121;91;84mâ–ˆâ–ˆ[38;2;107;83;77mâ–ˆâ–ˆ[38;2;102;77;69mâ–ˆâ–ˆ[38;2;100;75;65mâ–ˆâ–ˆ[38;2;105;79;68mâ–ˆâ–ˆ[38;2;117;89;79mâ–ˆâ–ˆ[38;2;104;78;67mâ–ˆâ–ˆ[38;2;91;69;57mâ–ˆâ–ˆ[38;2;84;63;50mâ–ˆâ–ˆ[38;2;71;50;40mâ–ˆâ–ˆ[38;2;59;42;35mâ–ˆâ–ˆ[38;2;66;48;41mâ–ˆâ–ˆ[38;2;77;58;48mâ–ˆâ–ˆ[38;2;95;68;61mâ–ˆâ–ˆ[38;2;88;63;55mâ–ˆâ–ˆ[38;2;87;65;59mâ–ˆâ–ˆ[38;2;84;62;55mâ–ˆâ–ˆ[38;2;76;56;48mâ–ˆâ–ˆ[38;2;111;85;79mâ–ˆâ–ˆ[38;2;114;87;82mâ–ˆâ–ˆ[38;2;126;96;86mâ–ˆâ–ˆ[38;2;110;77;65mâ–ˆâ–ˆ[38;2;126;87;73mâ–ˆâ–ˆ[38;2;139;98;85mâ–ˆâ–ˆ[38;2;118;87;77mâ–ˆâ–ˆ[38;2;97;72;64mâ–ˆâ–ˆ[38;2;93;72;66mâ–ˆâ–ˆ[38;2;90;67;60mâ–ˆâ–ˆ[38;2;58;42;36mâ–ˆâ–ˆ[38;2;92;68;60mâ–ˆâ–ˆ
[38;2;255;255;255m