                            [38;2;28;27;54mâ–ˆâ–ˆ[38;2;33;38;63mâ–ˆâ–ˆ[38;2;35;42;67mâ–ˆâ–ˆ[38;2;33;41;66mâ–ˆâ–ˆ[38;2;32;39;65mâ–’â–’                                                              
                            [38;2;30;33;57mâ–“â–“[38;2;38;42;71mâ–ˆâ–ˆ[38;2;41;46;76mâ–ˆâ–ˆ[38;2;39;46;75mâ–ˆâ–ˆ[38;2;34;42;70mâ–ˆâ–ˆ[38;2;29;38;64mâ–‘â–‘                                                            
                            [38;2;32;37;58mâ–’â–’[38;2;37;42;67mâ–ˆâ–ˆ[38;2;42;49;75mâ–ˆâ–ˆ[38;2;42;51;77mâ–ˆâ–ˆ[38;2;39;49;76mâ–ˆâ–ˆ[38;2;33;39;68mâ–ˆâ–ˆ                                                            
                            [38;2;32;35;57mâ–‘â–‘[38;2;35;40;67mâ–ˆâ–ˆ[38;2;42;51;78mâ–ˆâ–ˆ[38;2;46;57;79mâ–ˆâ–ˆ[38;2;42;52;76mâ–ˆâ–ˆ[38;2;39;46;75mâ–ˆâ–ˆ[38;2;30;37;62mâ–“â–“                                                          
                            [38;2;31;31;59mâ–‘â–‘[38;2;36;40;68mâ–ˆâ–ˆ[38;2;41;49;74mâ–ˆâ–ˆ[38;2;45;53;76mâ–ˆâ–ˆ[38;2;44;51;76mâ–ˆâ–ˆ[38;2;42;47;75mâ–ˆâ–ˆ[38;2;40;46;74mâ–ˆâ–ˆ[38;2;35;43;71mâ–‘â–‘                                                        
                              [38;2;39;40;68mâ–ˆâ–ˆ[38;2;43;50;76mâ–ˆâ–ˆ[38;2;46;52;79mâ–ˆâ–ˆ[38;2;46;56;80mâ–ˆâ–ˆ[38;2;44;51;78mâ–ˆâ–ˆ[38;2;44;50;79mâ–ˆâ–ˆ[38;2;39;43;71mâ–“â–“                                                        
                              [38;2;39;43;69mâ–ˆâ–ˆ[38;2;40;51;77mâ–ˆâ–ˆ[38;2;46;56;81mâ–ˆâ–ˆ[38;2;50;64;87mâ–ˆâ–ˆ[38;2;47;61;86mâ–ˆâ–ˆ[38;2;45;56;81mâ–ˆâ–ˆ[38;2;41;49;76mâ–ˆâ–ˆ[38;2;26;38;61mâ–‘â–‘                                                      
                              [38;2;38;45;70mâ–ˆâ–ˆ[38;2;43;58;81mâ–ˆâ–ˆ[38;2;51;63;88mâ–ˆâ–ˆ[38;2;52;64;89mâ–ˆâ–ˆ[38;2;55;69;92mâ–ˆâ–ˆ[38;2;54;71;90mâ–ˆâ–ˆ[38;2;49;66;86mâ–ˆâ–ˆ[38;2;35;51;70mâ–ˆâ–ˆ                                                      
                              [38;2;42;50;74mâ–ˆâ–ˆ[38;2;54;66;89mâ–ˆâ–ˆ[38;2;57;70;92mâ–ˆâ–ˆ[38;2;58;73;94mâ–ˆâ–ˆ[38;2;61;78;97mâ–ˆâ–ˆ[38;2;63;81;98mâ–ˆâ–ˆ[38;2;58;75;95mâ–ˆâ–ˆ[38;2;50;66;87mâ–ˆâ–ˆ[38;2;41;51;72mâ–’â–’                                                    
                              [38;2;48;57;77mâ–ˆâ–ˆ[38;2;59;70;91mâ–ˆâ–ˆ[38;2;62;79;95mâ–ˆâ–ˆ[38;2;66;86;100mâ–ˆâ–ˆ[38;2;63;82;97mâ–ˆâ–ˆ[38;2;59;77;93mâ–ˆâ–ˆ[38;2;57;74;93mâ–ˆâ–ˆ[38;2;57;74;94mâ–ˆâ–ˆ[38;2;47;61;82mâ–ˆâ–ˆ                                                    
                              [38;2;48;60;79mâ–ˆâ–ˆ[38;2;57;72;89mâ–ˆâ–ˆ[38;2;59;80;93mâ–ˆâ–ˆ[38;2;61;81;95mâ–ˆâ–ˆ[38;2;58;76;92mâ–ˆâ–ˆ[38;2;57;75;91mâ–ˆâ–ˆ[38;2;56;74;90mâ–ˆâ–ˆ[38;2;55;72;91mâ–ˆâ–ˆ[38;2;49;64;87mâ–ˆâ–ˆ[38;2;30;41;62mâ–“â–“                                                  
                              [38;2;50;65;81mâ–ˆâ–ˆ[38;2;62;78;93mâ–ˆâ–ˆ[38;2;64;82;96mâ–ˆâ–ˆ[38;2;69;88;102mâ–ˆâ–ˆ[38;2;67;85;101mâ–ˆâ–ˆ[38;2;66;84;99mâ–ˆâ–ˆ[38;2;65;83;97mâ–ˆâ–ˆ[38;2;62;80;96mâ–ˆâ–ˆ[38;2;53;70;92mâ–ˆâ–ˆ[38;2;46;63;85mâ–ˆâ–ˆ[38;2;32;45;67mâ–‘â–‘                                                
                            [38;2;44;54;70mâ–‘â–‘[38;2;56;73;87mâ–ˆâ–ˆ[38;2;68;86;100mâ–ˆâ–ˆ[38;2;74;92;106mâ–ˆâ–ˆ[38;2;94;112;126mâ–ˆâ–ˆ[38;2;82;101;113mâ–ˆâ–ˆ[38;2;79;97;109mâ–ˆâ–ˆ[38;2;72;90;103mâ–ˆâ–ˆ[38;2;69;87;103mâ–ˆâ–ˆ[38;2;62;79;97mâ–ˆâ–ˆ[38;2;54;71;90mâ–ˆâ–ˆ[38;2;43;57;77mâ–ˆâ–ˆ                                                
                            [38;2;39;52;68mâ–’â–’[38;2;61;80;95mâ–ˆâ–ˆ[38;2;70;88;102mâ–ˆâ–ˆ[38;2;71;89;102mâ–ˆâ–ˆ[38;2;80;98;108mâ–ˆâ–ˆ[38;2;77;96;106mâ–ˆâ–ˆ[38;2;77;95;108mâ–ˆâ–ˆ[38;2;76;94;108mâ–ˆâ–ˆ[38;2;73;91;105mâ–ˆâ–ˆ[38;2;63;80;96mâ–ˆâ–ˆ[38;2;55;72;89mâ–ˆâ–ˆ[38;2;50;63;83mâ–ˆâ–ˆ[38;2;37;44;66mâ–‘â–‘                                              
                            [38;2;41;49;65mâ–’â–’[38;2;64;81;96mâ–ˆâ–ˆ[38;2;80;98;109mâ–ˆâ–ˆ[38;2;73;91;101mâ–ˆâ–ˆ[38;2;100;116;123mâ–ˆâ–ˆ[38;2;86;104;112mâ–ˆâ–ˆ[38;2;82;99;109mâ–ˆâ–ˆ[38;2;78;95;106mâ–ˆâ–ˆ[38;2;71;90;101mâ–ˆâ–ˆ[38;2;64;82;97mâ–ˆâ–ˆ[38;2;58;76;91mâ–ˆâ–ˆ[38;2;53;70;86mâ–ˆâ–ˆ[38;2;41;55;69mâ–‘â–‘                                              
                            [38;2;41;48;67mâ–’â–’[38;2;78;91;106mâ–ˆâ–ˆ[38;2;84;100;109mâ–ˆâ–ˆ[38;2;71;90;98mâ–ˆâ–ˆ[38;2;71;86;96mâ–ˆâ–ˆ[38;2;75;93;98mâ–ˆâ–ˆ[38;2;82;101;106mâ–ˆâ–ˆ[38;2;86;105;110mâ–ˆâ–ˆ[38;2;80;98;107mâ–ˆâ–ˆ[38;2;76;94;105mâ–ˆâ–ˆ[38;2;65;82;95mâ–ˆâ–ˆ[38;2;57;75;90mâ–ˆâ–ˆ[38;2;50;66;80mâ–“â–“                                              
                            [38;2;53;65;80mâ–“â–“[38;2;88;103;117mâ–ˆâ–ˆ[38;2;88;105;113mâ–ˆâ–ˆ[38;2;79;96;103mâ–ˆâ–ˆ[38;2;76;93;100mâ–ˆâ–ˆ[38;2;77;93;100mâ–ˆâ–ˆ[38;2;81;96;101mâ–ˆâ–ˆ[38;2;90;107;111mâ–ˆâ–ˆ[38;2;86;103;108mâ–ˆâ–ˆ[38;2;78;95;100mâ–ˆâ–ˆ[38;2;69;85;97mâ–ˆâ–ˆ[38;2;62;77;92mâ–ˆâ–ˆ[38;2;62;78;93mâ–ˆâ–ˆ[38;2;52;66;81mâ–“â–“[38;2;33;44;58mâ–‘â–‘[38;2;37;45;63mâ–‘â–‘[38;2;47;57;76mâ–‘â–‘[38;2;53;63;83mâ–‘â–‘[38;2;49;58;82mâ–’â–’[38;2;43;53;75mâ–“â–“[38;2;23;33;52mâ–‘â–‘                              
                            [38;2;54;71;85mâ–ˆâ–ˆ[38;2;68;87;98mâ–ˆâ–ˆ[38;2;81;99;105mâ–ˆâ–ˆ[38;2;87;101;106mâ–ˆâ–ˆ[38;2;83;95;101mâ–ˆâ–ˆ[38;2;76;90;97mâ–ˆâ–ˆ[38;2;78;93;98mâ–ˆâ–ˆ[38;2;78;93;99mâ–ˆâ–ˆ[38;2;77;93;97mâ–ˆâ–ˆ[38;2;77;93;98mâ–ˆâ–ˆ[38;2;74;90;99mâ–ˆâ–ˆ[38;2;76;91;100mâ–ˆâ–ˆ[38;2;78;93;103mâ–ˆâ–ˆ[38;2;75;90;103mâ–ˆâ–ˆ[38;2;68;80;95mâ–ˆâ–ˆ[38;2;67;79;94mâ–ˆâ–ˆ[38;2;67;77;94mâ–ˆâ–ˆ[38;2;66;76;95mâ–ˆâ–ˆ[38;2;62;74;94mâ–ˆâ–ˆ[38;2;57;70;90mâ–ˆâ–ˆ[38;2;48;61;79mâ–ˆâ–ˆ[38;2;52;62;81mâ–ˆâ–ˆ[38;2;56;60;81mâ–ˆâ–ˆ[38;2;39;42;59mâ–“â–“                      [38;2;119;85;73mâ–‘â–‘
                          [38;2;34;42;59mâ–‘â–‘[38;2;55;73;86mâ–ˆâ–ˆ[38;2;67;84;94mâ–ˆâ–ˆ[38;2;70;84;90mâ–ˆâ–ˆ[38;2;79;90;97mâ–ˆâ–ˆ[38;2;78;88;95mâ–ˆâ–ˆ[38;2;77;89;96mâ–ˆâ–ˆ[38;2;81;94;98mâ–ˆâ–ˆ[38;2;81;94;97mâ–ˆâ–ˆ[38;2;83;96;99mâ–ˆâ–ˆ[38;2;87;96;100mâ–ˆâ–ˆ[38;2;81;89;96mâ–ˆâ–ˆ[38;2;75;82;88mâ–ˆâ–ˆ[38;2;76;83;89mâ–ˆâ–ˆ[38;2;68;77;86mâ–ˆâ–ˆ[38;2;64;73;84mâ–ˆâ–ˆ[38;2;61;69;82mâ–ˆâ–ˆ[38;2;57;64;80mâ–ˆâ–ˆ[38;2;52;62;79mâ–ˆâ–ˆ[38;2;49;58;77mâ–ˆâ–ˆ[38;2;45;54;72mâ–ˆâ–ˆ[38;2;38;48;66mâ–ˆâ–ˆ[38;2;36;44;64mâ–ˆâ–ˆ[38;2;33;36;57mâ–“â–“[38;2;27;27;51mâ–‘â–‘                      [38;2;177;142;125mâ–ˆâ–ˆ
                          [38;2;49;58;72mâ–“â–“[38;2;67;82;90mâ–ˆâ–ˆ[38;2;92;100;106mâ–ˆâ–ˆ[38;2;102;108;112mâ–ˆâ–ˆ[38;2;82;91;94mâ–ˆâ–ˆ[38;2;91;98;103mâ–ˆâ–ˆ[38;2;90;95;101mâ–ˆâ–ˆ[38;2;84;87;94mâ–ˆâ–ˆ[38;2;74;77;84mâ–ˆâ–ˆ[38;2;70;73;80mâ–ˆâ–ˆ[38;2;69;66;74mâ–ˆâ–ˆ[38;2;64;62;66mâ–ˆâ–ˆ[38;2;67;65;67mâ–ˆâ–ˆ[38;2;73;72;75mâ–ˆâ–ˆ[38;2;69;71;76mâ–ˆâ–ˆ[38;2;64;69;77mâ–ˆâ–ˆ[38;2;51;55;71mâ–ˆâ–ˆ[38;2;43;49;65mâ–ˆâ–ˆ[38;2;36;47;64mâ–ˆâ–ˆ[38;2;40;46;66mâ–ˆâ–ˆ[38;2;40;44;63mâ–ˆâ–ˆ[38;2;37;45;65mâ–ˆâ–ˆ[38;2;33;39;58mâ–ˆâ–ˆ                        [38;2;142;120;107mâ–“â–“[38;2;167;150;142mâ–ˆâ–ˆ
                    [38;2;28;33;56mâ–‘â–‘[38;2;51;58;75mâ–“â–“[38;2;67;76;88mâ–ˆâ–ˆ[38;2;75;86;95mâ–ˆâ–ˆ[38;2;80;90;91mâ–ˆâ–ˆ[38;2;85;89;89mâ–ˆâ–ˆ[38;2;82;82;84mâ–ˆâ–ˆ[38;2;74;77;78mâ–ˆâ–ˆ[38;2;73;73;75mâ–ˆâ–ˆ[38;2;78;72;74mâ–ˆâ–ˆ[38;2;91;83;81mâ–ˆâ–ˆ[38;2;116;111;103mâ–ˆâ–ˆ[38;2;139;133;117mâ–ˆâ–ˆ[38;2;160;152;129mâ–ˆâ–ˆ[38;2;181;167;141mâ–ˆâ–ˆ[38;2;200;177;148mâ–ˆâ–ˆ[38;2;208;184;155mâ–ˆâ–ˆ[38;2;193;171;145mâ–ˆâ–ˆ[38;2;171;159;147mâ–ˆâ–ˆ[38;2;72;76;85mâ–ˆâ–ˆ[38;2;43;48;64mâ–ˆâ–ˆ[38;2;39;49;66mâ–ˆâ–ˆ[38;2;43;50;68mâ–ˆâ–ˆ[38;2;40;43;63mâ–ˆâ–ˆ[38;2;34;38;57mâ–“â–“[38;2;24;29;44mâ–‘â–‘                      [38;2;107;81;66mâ–‘â–‘[38;2;160;143;133mâ–ˆâ–ˆ[38;2;90;82;95mâ–“â–“
                [38;2;41;49;67mâ–‘â–‘[38;2;52;62;80mâ–“â–“[38;2;70;79;94mâ–ˆâ–ˆ[38;2;70;77;90mâ–ˆâ–ˆ[38;2;56;63;74mâ–ˆâ–ˆ[38;2;55;61;71mâ–ˆâ–ˆ[38;2;58;64;74mâ–ˆâ–ˆ[38;2;60;59;65mâ–ˆâ–ˆ[38;2;76;69;69mâ–ˆâ–ˆ[38;2;122;107;95mâ–ˆâ–ˆ[38;2;166;148;126mâ–ˆâ–ˆ[38;2;195;179;149mâ–ˆâ–ˆ[38;2;226;217;177mâ–ˆâ–ˆ[38;2;251;243;191mâ–ˆâ–ˆ[38;2;249;240;187mâ–ˆâ–ˆ[38;2;246;233;181mâ–ˆâ–ˆ[38;2;241;227;172mâ–ˆâ–ˆ[38;2;242;225;167mâ–ˆâ–ˆ[38;2;238;217;161mâ–ˆâ–ˆ[38;2;238;216;164mâ–ˆâ–ˆ[38;2;222;198;161mâ–ˆâ–ˆ[38;2;166;159;139mâ–ˆâ–ˆ[38;2;66;65;76mâ–ˆâ–ˆ[38;2;37;43;61mâ–ˆâ–ˆ[38;2;37;40;58mâ–“â–“[38;2;32;32;48mâ–‘â–‘                          [38;2;170;138;119mâ–“â–“[38;2;153;139;142mâ–ˆâ–ˆ  
                [38;2;64;73;89mâ–ˆâ–ˆ[38;2;58;69;86mâ–ˆâ–ˆ[38;2;51;60;73mâ–ˆâ–ˆ[38;2;46;51;62mâ–ˆâ–ˆ[38;2;54;58;71mâ–ˆâ–ˆ[38;2;64;64;76mâ–ˆâ–ˆ[38;2;101;90;90mâ–ˆâ–ˆ[38;2;136;119;101mâ–ˆâ–ˆ[38;2;198;181;142mâ–ˆâ–ˆ[38;2;237;217;172mâ–ˆâ–ˆ[38;2;243;223;175mâ–ˆâ–ˆ[38;2;246;232;184mâ–ˆâ–ˆ[38;2;237;227;187mâ–ˆâ–ˆ[38;2;246;235;193mâ–ˆâ–ˆ[38;2;235;221;164mâ–ˆâ–ˆ[38;2;239;228;169mâ–ˆâ–ˆ[38;2;242;235;181mâ–ˆâ–ˆ[38;2;243;231;184mâ–ˆâ–ˆ[38;2;234;220;169mâ–ˆâ–ˆ[38;2;242;225;174mâ–ˆâ–ˆ[38;2;241;221;171mâ–ˆâ–ˆ[38;2;211;193;158mâ–ˆâ–ˆ[38;2;144;135;131mâ–ˆâ–ˆ[38;2;54;58;72mâ–’â–’                            [38;2;117;91;64mâ–‘â–‘[38;2;192;161;141mâ–ˆâ–ˆ[38;2;125;111;123mâ–’â–’  
            [38;2;50;59;77mâ–‘â–‘[38;2;58;69;83mâ–ˆâ–ˆ[38;2;50;58;74mâ–ˆâ–ˆ[38;2;39;46;63mâ–ˆâ–ˆ[38;2;49;54;68mâ–ˆâ–ˆ[38;2;54;58;71mâ–ˆâ–ˆ[38;2;57;61;70mâ–ˆâ–ˆ[38;2;138;126;116mâ–ˆâ–ˆ[38;2;221;190;152mâ–ˆâ–ˆ[38;2;240;213;158mâ–ˆâ–ˆ[38;2;250;229;175mâ–ˆâ–ˆ[38;2;249;235;184mâ–ˆâ–ˆ[38;2;239;226;192mâ–ˆâ–ˆ[38;2;241;229;207mâ–ˆâ–ˆ[38;2;245;235;214mâ–ˆâ–ˆ[38;2;247;239;211mâ–ˆâ–ˆ[38;2;241;235;179mâ–ˆâ–ˆ[38;2;241;234;175mâ–ˆâ–ˆ[38;2;223;219;174mâ–ˆâ–ˆ[38;2;135;123;108mâ–ˆâ–ˆ[38;2;158;145;120mâ–ˆâ–ˆ[38;2;250;238;192mâ–ˆâ–ˆ[38;2;242;223;173mâ–ˆâ–ˆ[38;2;224;198;157mâ–ˆâ–ˆ[38;2;196;177;158mâ–ˆâ–ˆ[38;2;117;116;125mâ–ˆâ–ˆ                            [38;2;153;120;90mâ–‘â–‘[38;2;177;154;138mâ–ˆâ–ˆ[38;2;87;83;104mâ–‘â–‘  
      [38;2;36;44;59mâ–‘â–‘[38;2;46;53;68mâ–’â–’[38;2;47;56;72mâ–“â–“[38;2;49;56;73mâ–ˆâ–ˆ[38;2;44;48;66mâ–ˆâ–ˆ[38;2;41;45;63mâ–ˆâ–ˆ[38;2;47;52;68mâ–ˆâ–ˆ[38;2;47;53;68mâ–ˆâ–ˆ[38;2;44;49;63mâ–ˆâ–ˆ[38;2;108;104;101mâ–ˆâ–ˆ[38;2;227;198;158mâ–ˆâ–ˆ[38;2;237;212;157mâ–ˆâ–ˆ[38;2;240;221;161mâ–ˆâ–ˆ[38;2;235;218;161mâ–ˆâ–ˆ[38;2;233;220;174mâ–ˆâ–ˆ[38;2;130;117;101mâ–ˆâ–ˆ[38;2;134;120;114mâ–ˆâ–ˆ[38;2;217;208;196mâ–ˆâ–ˆ[38;2;253;249;234mâ–ˆâ–ˆ[38;2;248;245;210mâ–ˆâ–ˆ[38;2;248;242;198mâ–ˆâ–ˆ[38;2;177;165;140mâ–ˆâ–ˆ[38;2;110;100;99mâ–ˆâ–ˆ[38;2;191;185;167mâ–ˆâ–ˆ[38;2;249;236;195mâ–ˆâ–ˆ[38;2;241;222;174mâ–ˆâ–ˆ[38;2;226;197;153mâ–ˆâ–ˆ[38;2;213;184;152mâ–ˆâ–ˆ[38;2;145;138;135mâ–ˆâ–ˆ                            [38;2;130;103;85mâ–’â–’[38;2;142;126;118mâ–ˆâ–ˆ    
      [38;2;37;37;56mâ–‘â–‘[38;2;38;41;59mâ–ˆâ–ˆ[38;2;42;47;68mâ–ˆâ–ˆ[38;2;41;44;64mâ–ˆâ–ˆ[38;2;44;45;65mâ–ˆâ–ˆ[38;2;45;47;67mâ–ˆâ–ˆ[38;2;44;48;65mâ–ˆâ–ˆ[38;2;46;49;66mâ–ˆâ–ˆ[38;2;43;44;59mâ–ˆâ–ˆ[38;2;134;123;113mâ–ˆâ–ˆ[38;2;235;207;161mâ–ˆâ–ˆ[38;2;237;216;159mâ–ˆâ–ˆ[38;2;227;209;151mâ–ˆâ–ˆ[38;2;239;223;164mâ–ˆâ–ˆ[38;2;248;238;187mâ–ˆâ–ˆ[38;2;183;172;145mâ–ˆâ–ˆ[38;2;135;124;103mâ–ˆâ–ˆ[38;2;176;161;137mâ–ˆâ–ˆ[38;2;235;218;192mâ–ˆâ–ˆ[38;2;241;219;186mâ–ˆâ–ˆ[38;2;225;196;159mâ–ˆâ–ˆ[38;2;207;170;142mâ–ˆâ–ˆ[38;2;221;202;165mâ–ˆâ–ˆ[38;2;230;218;171mâ–ˆâ–ˆ[38;2;235;219;168mâ–ˆâ–ˆ[38;2;246;229;178mâ–ˆâ–ˆ[38;2;227;202;154mâ–ˆâ–ˆ[38;2;214;182;151mâ–ˆâ–ˆ[38;2;145;136;133mâ–ˆâ–ˆ                            [38;2;137;114;103mâ–“â–“[38;2;116;101;107mâ–ˆâ–ˆ    
          [38;2;30;28;51mâ–“â–“[38;2;32;32;51mâ–“â–“[38;2;34;34;51mâ–“â–“[38;2;34;34;50mâ–“â–“[38;2;33;35;52mâ–’â–’[38;2;35;37;54mâ–’â–’[38;2;38;34;50mâ–ˆâ–ˆ[38;2;131;119;104mâ–ˆâ–ˆ[38;2;233;207;156mâ–ˆâ–ˆ[38;2;237;216;158mâ–ˆâ–ˆ[38;2;234;216;159mâ–ˆâ–ˆ[38;2;249;239;178mâ–ˆâ–ˆ[38;2;235;224;165mâ–ˆâ–ˆ[38;2;230;217;161mâ–ˆâ–ˆ[38;2;233;210;161mâ–ˆâ–ˆ[38;2;214;177;138mâ–ˆâ–ˆ[38;2;201;162;124mâ–ˆâ–ˆ[38;2;218;171;135mâ–ˆâ–ˆ[38;2;205;153;121mâ–ˆâ–ˆ[38;2;212;166;130mâ–ˆâ–ˆ[38;2;222;196;146mâ–ˆâ–ˆ[38;2;234;216;161mâ–ˆâ–ˆ[38;2;241;226;171mâ–ˆâ–ˆ[38;2;236;221;169mâ–ˆâ–ˆ[38;2;229;205;158mâ–ˆâ–ˆ[38;2;220;193;159mâ–ˆâ–ˆ[38;2;120;112;111mâ–ˆâ–ˆ[38;2;38;40;57mâ–’â–’                          [38;2;148;128;117mâ–ˆâ–ˆ[38;2;86;78;91mâ–’â–’    
                      [38;2;53;44;53mâ–’â–’[38;2;136;120;107mâ–ˆâ–ˆ[38;2;220;193;148mâ–ˆâ–ˆ[38;2;223;201;146mâ–ˆâ–ˆ[38;2;238;223;164mâ–ˆâ–ˆ[38;2;251;246;181mâ–ˆâ–ˆ[38;2;248;240;177mâ–ˆâ–ˆ[38;2;244;236;172mâ–ˆâ–ˆ[38;2;232;208;154mâ–ˆâ–ˆ[38;2;228;189;148mâ–ˆâ–ˆ[38;2;236;215;178mâ–ˆâ–ˆ[38;2;214;183;153mâ–ˆâ–ˆ[38;2;209;172;141mâ–ˆâ–ˆ[38;2;244;229;189mâ–ˆâ–ˆ[38;2;246;239;186mâ–ˆâ–ˆ[38;2;248;241;183mâ–ˆâ–ˆ[38;2;247;237;182mâ–ˆâ–ˆ[38;2;230;211;160mâ–ˆâ–ˆ[38;2;227;202;156mâ–ˆâ–ˆ[38;2;199;176;152mâ–ˆâ–ˆ[38;2;86;77;77mâ–ˆâ–ˆ[38;2;91;88;92mâ–ˆâ–ˆ[38;2;93;89;97mâ–“â–“[38;2;86;86;94mâ–’â–’                    [38;2;129;102;88mâ–’â–’[38;2;129;111;108mâ–ˆâ–ˆ      
                      [38;2;96;88;83mâ–“â–“[38;2;140;121;103mâ–ˆâ–ˆ[38;2;195;168;132mâ–ˆâ–ˆ[38;2;234;210;158mâ–ˆâ–ˆ[38;2;244;231;173mâ–ˆâ–ˆ[38;2;239;232;169mâ–ˆâ–ˆ[38;2;243;235;174mâ–ˆâ–ˆ[38;2;245;247;185mâ–ˆâ–ˆ[38;2;242;240;179mâ–ˆâ–ˆ[38;2;240;232;183mâ–ˆâ–ˆ[38;2;248;241;210mâ–ˆâ–ˆ[38;2;242;233;201mâ–ˆâ–ˆ[38;2;229;215;181mâ–ˆâ–ˆ[38;2;250;244;208mâ–ˆâ–ˆ[38;2;250;251;211mâ–ˆâ–ˆ[38;2;247;246;196mâ–ˆâ–ˆ[38;2;232;228;177mâ–ˆâ–ˆ[38;2;244;236;184mâ–ˆâ–ˆ[38;2;244;236;190mâ–ˆâ–ˆ[38;2;172;165;148mâ–ˆâ–ˆ[38;2;109;103;94mâ–ˆâ–ˆ[38;2;139;128;112mâ–ˆâ–ˆ[38;2;125;116;105mâ–ˆâ–ˆ[38;2;124;120;113mâ–ˆâ–ˆ[38;2;111;111;109mâ–“â–“                  [38;2;136;105;102mâ–ˆâ–ˆ[38;2;96;82;93mâ–“â–“      
                      [38;2;131;114;108mâ–ˆâ–ˆ[38;2;162;131;108mâ–ˆâ–ˆ[38;2;175;140;109mâ–ˆâ–ˆ[38;2;222;193;147mâ–ˆâ–ˆ[38;2;245;229;175mâ–ˆâ–ˆ[38;2;246;239;180mâ–ˆâ–ˆ[38;2;245;241;182mâ–ˆâ–ˆ[38;2;244;241;182mâ–ˆâ–ˆ[38;2;245;245;187mâ–ˆâ–ˆ[38;2;244;240;188mâ–ˆâ–ˆ[38;2;243;234;190mâ–ˆâ–ˆ[38;2;235;225;182mâ–ˆâ–ˆ[38;2;234;222;173mâ–ˆâ–ˆ[38;2;239;227;177mâ–ˆâ–ˆ[38;2;233;220;171mâ–ˆâ–ˆ[38;2;237;229;178mâ–ˆâ–ˆ[38;2;251;247;197mâ–ˆâ–ˆ[38;2;244;237;193mâ–ˆâ–ˆ[38;2;182;175;158mâ–ˆâ–ˆ[38;2;128;113;102mâ–ˆâ–ˆ[38;2;178;157;136mâ–ˆâ–ˆ[38;2;183;159;141mâ–ˆâ–ˆ[38;2;154;135;123mâ–ˆâ–ˆ[38;2;138;119;106mâ–ˆâ–ˆ[38;2;134;117;107mâ–ˆâ–ˆ[38;2;115;105;97mâ–ˆâ–ˆ[38;2;123;115;109mâ–“â–“[38;2;113;113;111mâ–“â–“          [38;2;91;56;47mâ–‘â–‘[38;2;142;118;114mâ–ˆâ–ˆ[38;2;84;79;86mâ–’â–’      
                    [38;2;91;85;86mâ–“â–“[38;2;144;118;109mâ–ˆâ–ˆ[38;2;178;134;111mâ–ˆâ–ˆ[38;2;185;137;108mâ–ˆâ–ˆ[38;2;188;145;110mâ–ˆâ–ˆ[38;2;216;181;139mâ–ˆâ–ˆ[38;2;238;216;168mâ–ˆâ–ˆ[38;2;244;242;186mâ–ˆâ–ˆ[38;2;248;249;193mâ–ˆâ–ˆ[38;2;246;246;191mâ–ˆâ–ˆ[38;2;238;236;179mâ–ˆâ–ˆ[38;2;237;226;167mâ–ˆâ–ˆ[38;2;246;233;176mâ–ˆâ–ˆ[38;2;245;232;174mâ–ˆâ–ˆ[38;2;224;206;152mâ–ˆâ–ˆ[38;2;227;204;158mâ–ˆâ–ˆ[38;2;228;215;175mâ–ˆâ–ˆ[38;2;196;187;150mâ–ˆâ–ˆ[38;2;172;158;132mâ–ˆâ–ˆ[38;2;132;111;104mâ–ˆâ–ˆ[38;2;182;152;135mâ–ˆâ–ˆ[38;2;202;167;145mâ–ˆâ–ˆ[38;2;175;145;128mâ–ˆâ–ˆ[38;2;134;111;98mâ–ˆâ–ˆ[38;2;145;114;101mâ–ˆâ–ˆ[38;2;172;134;120mâ–ˆâ–ˆ[38;2;153;118;104mâ–ˆâ–ˆ[38;2;161;127;112mâ–ˆâ–ˆ[38;2;143;120;113mâ–ˆâ–ˆ[38;2;132;117;115mâ–“â–“[38;2;124;111;113mâ–’â–’[38;2;97;94;101mâ–’â–’    [38;2;126;97;88mâ–“â–“[38;2;123;106;110mâ–ˆâ–ˆ        
                  [38;2;110;105;100mâ–ˆâ–ˆ[38;2;145;124;113mâ–ˆâ–ˆ[38;2;160;126;106mâ–ˆâ–ˆ[38;2;195;146;117mâ–ˆâ–ˆ[38;2;205;150;117mâ–ˆâ–ˆ[38;2;206;151;118mâ–ˆâ–ˆ[38;2;200;156;117mâ–ˆâ–ˆ[38;2;209;178;133mâ–ˆâ–ˆ[38;2;224;206;158mâ–ˆâ–ˆ[38;2;216;200;156mâ–ˆâ–ˆ[38;2;240;230;182mâ–ˆâ–ˆ[38;2;247;237;186mâ–ˆâ–ˆ[38;2;221;205;161mâ–ˆâ–ˆ[38;2;202;183;145mâ–ˆâ–ˆ[38;2;188;169;138mâ–ˆâ–ˆ[38;2;162;142;122mâ–ˆâ–ˆ[38;2;116;100;89mâ–ˆâ–ˆ[38;2;99;83;71mâ–ˆâ–ˆ[38;2;115;91;73mâ–ˆâ–ˆ[38;2;191;163;134mâ–ˆâ–ˆ[38;2;228;196;163mâ–ˆâ–ˆ[38;2;206;172;145mâ–ˆâ–ˆ[38;2;178;142;125mâ–ˆâ–ˆ[38;2;152;122;110mâ–ˆâ–ˆ[38;2;116;92;80mâ–ˆâ–ˆ[38;2;167;126;109mâ–ˆâ–ˆ[38;2;182;133;118mâ–ˆâ–ˆ[38;2;167;118;102mâ–ˆâ–ˆ[38;2;164;113;97mâ–ˆâ–ˆ[38;2;164;116;100mâ–ˆâ–ˆ[38;2;171;130;114mâ–ˆâ–ˆ[38;2;168;134;124mâ–ˆâ–ˆ[38;2;141;131;124mâ–ˆâ–ˆ[38;2;106;100;103mâ–ˆâ–ˆ[38;2;99;84;75mâ–’â–’[38;2;155;131;119mâ–ˆâ–ˆ[38;2;85;78;88mâ–“â–“        
                [38;2;99;95;92mâ–“â–“[38;2;155;127;113mâ–ˆâ–ˆ[38;2;177;132;112mâ–ˆâ–ˆ[38;2;178;132;104mâ–ˆâ–ˆ[38;2;196;146;114mâ–ˆâ–ˆ[38;2;207;152;121mâ–ˆâ–ˆ[38;2;217;164;128mâ–ˆâ–ˆ[38;2;225;188;137mâ–ˆâ–ˆ[38;2;232;203;149mâ–ˆâ–ˆ[38;2;209;168;129mâ–ˆâ–ˆ[38;2;199;159;123mâ–ˆâ–ˆ[38;2;212;176;136mâ–ˆâ–ˆ[38;2;189;153;120mâ–ˆâ–ˆ[38;2;134;104;89mâ–ˆâ–ˆ[38;2;111;83;75mâ–ˆâ–ˆ[38;2;89;70;70mâ–ˆâ–ˆ[38;2;68;57;60mâ–ˆâ–ˆ[38;2;73;66;63mâ–ˆâ–ˆ[38;2;123;90;85mâ–ˆâ–ˆ[38;2;196;143;125mâ–ˆâ–ˆ[38;2;211;162;134mâ–ˆâ–ˆ[38;2;204;166;141mâ–ˆâ–ˆ[38;2;186;155;137mâ–ˆâ–ˆ[38;2;132;106;97mâ–ˆâ–ˆ[38;2;107;80;74mâ–ˆâ–ˆ[38;2;128;97;84mâ–ˆâ–ˆ[38;2;175;128;109mâ–ˆâ–ˆ[38;2;181;129;111mâ–ˆâ–ˆ[38;2;182;125;107mâ–ˆâ–ˆ[38;2;188;128;109mâ–ˆâ–ˆ[38;2;179;126;104mâ–ˆâ–ˆ[38;2;183;134;111mâ–ˆâ–ˆ[38;2;167;124;106mâ–ˆâ–ˆ[38;2;152;123;110mâ–ˆâ–ˆ[38;2;151;132;121mâ–ˆâ–ˆ[38;2;136;118;105mâ–ˆâ–ˆ[38;2;124;106;108mâ–ˆâ–ˆ[38;2;50;42;63mâ–‘â–‘        
              [38;2;82;86;82mâ–‘â–‘[38;2;129;116;104mâ–ˆâ–ˆ[38;2;177;140;121mâ–ˆâ–ˆ[38;2;198;149;121mâ–ˆâ–ˆ[38;2;192;142;111mâ–ˆâ–ˆ[38;2;184;131;101mâ–ˆâ–ˆ[38;2;187;132;103mâ–ˆâ–ˆ[38;2;211;161;125mâ–ˆâ–ˆ[38;2;228;195;151mâ–ˆâ–ˆ[38;2;216;184;140mâ–ˆâ–ˆ[38;2;210;163;128mâ–ˆâ–ˆ[38;2;220;180;141mâ–ˆâ–ˆ[38;2;218;179;138mâ–ˆâ–ˆ[38;2;216;171;135mâ–ˆâ–ˆ[38;2;210;163;130mâ–ˆâ–ˆ[38;2;203;155;121mâ–ˆâ–ˆ[38;2;182;141;111mâ–ˆâ–ˆ[38;2;125;100;87mâ–ˆâ–ˆ[38;2;99;85;75mâ–ˆâ–ˆ[38;2;114;87;80mâ–ˆâ–ˆ[38;2;181;129;108mâ–ˆâ–ˆ[38;2;186;132;107mâ–ˆâ–ˆ[38;2;161;119;101mâ–ˆâ–ˆ[38;2;136;101;88mâ–ˆâ–ˆ[38;2;142;113;102mâ–ˆâ–ˆ[38;2;137;107;98mâ–ˆâ–ˆ[38;2;134;99;85mâ–ˆâ–ˆ[38;2;155;110;90mâ–ˆâ–ˆ[38;2;175;125;106mâ–ˆâ–ˆ[38;2;186;132;113mâ–ˆâ–ˆ[38;2;197;141;122mâ–ˆâ–ˆ[38;2;185;131;113mâ–ˆâ–ˆ[38;2;177;128;110mâ–ˆâ–ˆ[38;2;175;128;113mâ–ˆâ–ˆ[38;2;163;122;108mâ–ˆâ–ˆ[38;2;150;117;105mâ–ˆâ–ˆ[38;2;127;104;94mâ–ˆâ–ˆ[38;2;102;88;84mâ–ˆâ–ˆ[38;2;88;87;96mâ–ˆâ–ˆ[38;2;65;68;88mâ–‘â–‘      
              [38;2;124;113;102mâ–“â–“[38;2;166;135;116mâ–ˆâ–ˆ[38;2;185;139;119mâ–ˆâ–ˆ[38;2;199;147;118mâ–ˆâ–ˆ[38;2;207;152;120mâ–ˆâ–ˆ[38;2;201;139;111mâ–ˆâ–ˆ[38;2;190;129;102mâ–ˆâ–ˆ[38;2;199;149;115mâ–ˆâ–ˆ[38;2;187;146;111mâ–ˆâ–ˆ[38;2;189;144;111mâ–ˆâ–ˆ[38;2;203;156;123mâ–ˆâ–ˆ[38;2;216;171;136mâ–ˆâ–ˆ[38;2;223;174;140mâ–ˆâ–ˆ[38;2;216;166;132mâ–ˆâ–ˆ[38;2;205;150;115mâ–ˆâ–ˆ[38;2;202;146;112mâ–ˆâ–ˆ[38;2;196;143;112mâ–ˆâ–ˆ[38;2;118;89;70mâ–ˆâ–ˆ[38;2;134;119;110mâ–ˆâ–ˆ[38;2;77;58;47mâ–ˆâ–ˆ[38;2;172;126;96mâ–ˆâ–ˆ[38;2;214;161;127mâ–ˆâ–ˆ[38;2;204;156;127mâ–ˆâ–ˆ[38;2;172;131;109mâ–ˆâ–ˆ[38;2;159;123;105mâ–ˆâ–ˆ[38;2;164;129;115mâ–ˆâ–ˆ[38;2;134;101;89mâ–ˆâ–ˆ[38;2;130;92;80mâ–ˆâ–ˆ[38;2;155;113;101mâ–ˆâ–ˆ[38;2;162;117;104mâ–ˆâ–ˆ[38;2;171;126;106mâ–ˆâ–ˆ[38;2;169;128;113mâ–ˆâ–ˆ[38;2;163;125;116mâ–ˆâ–ˆ[38;2;161;125;113mâ–ˆâ–ˆ[38;2;177;140;126mâ–ˆâ–ˆ[38;2;147;113;106mâ–ˆâ–ˆ[38;2;120;94;87mâ–ˆâ–ˆ[38;2;118;100;83mâ–ˆâ–ˆ[38;2;120;117;112mâ–ˆâ–ˆ[38;2;91;96;116mâ–“â–“      
            [38;2;108;104;99mâ–’â–’[38;2;147;128;111mâ–ˆâ–ˆ[38;2;172;128;108mâ–ˆâ–ˆ[38;2;184;131;109mâ–ˆâ–ˆ[38;2;195;140;113mâ–ˆâ–ˆ[38;2;201;144;114mâ–ˆâ–ˆ[38;2;205;142;115mâ–ˆâ–ˆ[38;2;201;139;111mâ–ˆâ–ˆ[38;2;197;140;111mâ–ˆâ–ˆ[38;2;181;128;98mâ–ˆâ–ˆ[38;2;189;133;104mâ–ˆâ–ˆ[38;2;196;138;109mâ–ˆâ–ˆ[38;2;199;145;115mâ–ˆâ–ˆ[38;2;201;146;115mâ–ˆâ–ˆ[38;2;194;139;107mâ–ˆâ–ˆ[38;2;191;133;101mâ–ˆâ–ˆ[38;2;196;134;105mâ–ˆâ–ˆ[38;2;204;149;116mâ–ˆâ–ˆ[38;2;170;131;99mâ–ˆâ–ˆ[38;2;96;72;52mâ–ˆâ–ˆ[38;2;115;80;60mâ–ˆâ–ˆ[38;2;206;153;120mâ–ˆâ–ˆ[38;2;225;170;132mâ–ˆâ–ˆ[38;2;214;164;132mâ–ˆâ–ˆ[38;2;198;148;124mâ–ˆâ–ˆ[38;2;187;136;120mâ–ˆâ–ˆ[38;2;166;126;111mâ–ˆâ–ˆ[38;2;137;111;99mâ–ˆâ–ˆ[38;2;113;90;80mâ–ˆâ–ˆ[38;2;113;90;81mâ–ˆâ–ˆ[38;2;122;98;90mâ–ˆâ–ˆ[38;2;130;110;97mâ–ˆâ–ˆ[38;2;125;109;108mâ–ˆâ–ˆ[38;2;123;105;110mâ–ˆâ–ˆ[38;2;135;115;115mâ–ˆâ–ˆ[38;2;146;126;122mâ–ˆâ–ˆ[38;2;113;95;90mâ–ˆâ–ˆ[38;2;106;90;79mâ–ˆâ–ˆ[38;2;141;122;104mâ–ˆâ–ˆ[38;2;134;129;124mâ–ˆâ–ˆ[38;2;96;105;124mâ–“â–“      
            [38;2;124;110;102mâ–ˆâ–ˆ[38;2;159;128;108mâ–ˆâ–ˆ[38;2;177;128;109mâ–ˆâ–ˆ[38;2;188;132;111mâ–ˆâ–ˆ[38;2;197;141;116mâ–ˆâ–ˆ[38;2;204;147;120mâ–ˆâ–ˆ[38;2;210;151;120mâ–ˆâ–ˆ[38;2;210;149;119mâ–ˆâ–ˆ[38;2;202;142;114mâ–ˆâ–ˆ[38;2;196;140;110mâ–ˆâ–ˆ[38;2;193;133;105mâ–ˆâ–ˆ[38;2;204;138;111mâ–ˆâ–ˆ[38;2;200;137;109mâ–ˆâ–ˆ[38;2;204;146;114mâ–ˆâ–ˆ[38;2;222;169;125mâ–ˆâ–ˆ[38;2;226;176;131mâ–ˆâ–ˆ[38;2;221;170;127mâ–ˆâ–ˆ[38;2;226;188;137mâ–ˆâ–ˆ[38;2;238;206;149mâ–ˆâ–ˆ[38;2;223;184;140mâ–ˆâ–ˆ[38;2;214;163;126mâ–ˆâ–ˆ[38;2;224;171;132mâ–ˆâ–ˆ[38;2;214;164;131mâ–ˆâ–ˆ[38;2;200;151;126mâ–ˆâ–ˆ[38;2;201;147;126mâ–ˆâ–ˆ[38;2;198;143;126mâ–ˆâ–ˆ[38;2;170;130;114mâ–ˆâ–ˆ[38;2;139;116;104mâ–ˆâ–ˆ[38;2;119;101;91mâ–ˆâ–ˆ[38;2;115;95;89mâ–ˆâ–ˆ[38;2;111;95;94mâ–ˆâ–ˆ[38;2;85;86;93mâ–“â–“[38;2;63;68;85mâ–‘â–‘    [38;2;99;88;90mâ–’â–’[38;2;108;94;92mâ–ˆâ–ˆ[38;2;90;80;82mâ–ˆâ–ˆ[38;2;111;104;105mâ–“â–“[38;2;109;109;117mâ–“â–“[38;2;86;86;106mâ–‘â–‘      
          [38;2;129;122;120mâ–’â–’[38;2;159;131;119mâ–ˆâ–ˆ[38;2;172;131;103mâ–ˆâ–ˆ[38;2;181;133;108mâ–ˆâ–ˆ[38;2;182;134;110mâ–ˆâ–ˆ[38;2;191;142;117mâ–ˆâ–ˆ[38;2;194;145;121mâ–ˆâ–ˆ[38;2;201;149;121mâ–ˆâ–ˆ[38;2;200;143;116mâ–ˆâ–ˆ[38;2;187;128;102mâ–ˆâ–ˆ[38;2;172;114;86mâ–ˆâ–ˆ[38;2;188;129;98mâ–ˆâ–ˆ[38;2;211;152;115mâ–ˆâ–ˆ[38;2;217;161;121mâ–ˆâ–ˆ[38;2;215;163;120mâ–ˆâ–ˆ[38;2;227;188;136mâ–ˆâ–ˆ[38;2;232;207;151mâ–ˆâ–ˆ[38;2;239;209;155mâ–ˆâ–ˆ[38;2;233;200;146mâ–ˆâ–ˆ[38;2;222;188;139mâ–ˆâ–ˆ[38;2;231;187;144mâ–ˆâ–ˆ[38;2;230;186;143mâ–ˆâ–ˆ[38;2;230;187;146mâ–ˆâ–ˆ[38;2;219;172;138mâ–ˆâ–ˆ[38;2;208;156;133mâ–ˆâ–ˆ[38;2;198;143;123mâ–ˆâ–ˆ[38;2;184;138;119mâ–ˆâ–ˆ[38;2;168;133;115mâ–ˆâ–ˆ[38;2;136;112;103mâ–ˆâ–ˆ[38;2;123;103;96mâ–ˆâ–ˆ[38;2;122;102;97mâ–ˆâ–ˆ[38;2;103;95;98mâ–ˆâ–ˆ[38;2;71;79;86mâ–‘â–‘      [38;2;88;66;60mâ–‘â–‘[38;2;107;91;91mâ–ˆâ–ˆ[38;2;63;54;68mâ–‘â–‘            
          [38;2;142;129;123mâ–ˆâ–ˆ[38;2;180;142;121mâ–ˆâ–ˆ[38;2;189;142;111mâ–ˆâ–ˆ[38;2;193;140;115mâ–ˆâ–ˆ[38;2;189;140;116mâ–ˆâ–ˆ[38;2;180;134;114mâ–ˆâ–ˆ[38;2;165;124;105mâ–ˆâ–ˆ[38;2;177;132;113mâ–ˆâ–ˆ[38;2;166;113;93mâ–ˆâ–ˆ[38;2;162;105;82mâ–ˆâ–ˆ[38;2;174;116;87mâ–ˆâ–ˆ[38;2;210;153;117mâ–ˆâ–ˆ[38;2;233;190;142mâ–ˆâ–ˆ[38;2;234;194;143mâ–ˆâ–ˆ[38;2;224;183;133mâ–ˆâ–ˆ[38;2;233;198;146mâ–ˆâ–ˆ[38;2;232;212;156mâ–ˆâ–ˆ[38;2;230;198;147mâ–ˆâ–ˆ[38;2;222;184;135mâ–ˆâ–ˆ[38;2;223;182;139mâ–ˆâ–ˆ[38;2;224;181;143mâ–ˆâ–ˆ[38;2;221;178;139mâ–ˆâ–ˆ[38;2;217;171;141mâ–ˆâ–ˆ[38;2;197;146;126mâ–ˆâ–ˆ[38;2;197;145;126mâ–ˆâ–ˆ[38;2;189;139;124mâ–ˆâ–ˆ[38;2;164;124;108mâ–ˆâ–ˆ[38;2;145;112;99mâ–ˆâ–ˆ[38;2;131;102;94mâ–ˆâ–ˆ[38;2;124;102;93mâ–ˆâ–ˆ[38;2;118;102;95mâ–ˆâ–ˆ[38;2;98;95;96mâ–ˆâ–ˆ[38;2;72;74;80mâ–’â–’      [38;2;96;72;70mâ–“â–“[38;2;97;81;86mâ–ˆâ–ˆ              
          [38;2;167;147;132mâ–ˆâ–ˆ[38;2;195;151;126mâ–ˆâ–ˆ[38;2;192;143;113mâ–ˆâ–ˆ[38;2;200;146;120mâ–ˆâ–ˆ[38;2;208;158;132mâ–ˆâ–ˆ[38;2;180;139;122mâ–ˆâ–ˆ[38;2;129;100;86mâ–ˆâ–ˆ[38;2;139;100;87mâ–ˆâ–ˆ[38;2;149;96;78mâ–ˆâ–ˆ[38;2;176;115;92mâ–ˆâ–ˆ[38;2;193;133;104mâ–ˆâ–ˆ[38;2;224;170;134mâ–ˆâ–ˆ[38;2;230;189;146mâ–ˆâ–ˆ[38;2;223;183;139mâ–ˆâ–ˆ[38;2;228;190;142mâ–ˆâ–ˆ[38;2;235;201;151mâ–ˆâ–ˆ[38;2;235;207;156mâ–ˆâ–ˆ[38;2;232;194;148mâ–ˆâ–ˆ[38;2;230;188;145mâ–ˆâ–ˆ[38;2;222;176;140mâ–ˆâ–ˆ[38;2;211;165;135mâ–ˆâ–ˆ[38;2;216;168;140mâ–ˆâ–ˆ[38;2;187;137;115mâ–ˆâ–ˆ[38;2;159;110;93mâ–ˆâ–ˆ[38;2;156;108;93mâ–ˆâ–ˆ[38;2;156;109;93mâ–ˆâ–ˆ[38;2;151;108;93mâ–ˆâ–ˆ[38;2;143;102;89mâ–ˆâ–ˆ[38;2;143;103;90mâ–ˆâ–ˆ[38;2;127;102;90mâ–ˆâ–ˆ[38;2;113;97;91mâ–ˆâ–ˆ[38;2;97;94;90mâ–ˆâ–ˆ[38;2;88;89;86mâ–ˆâ–ˆ[38;2;77;79;87mâ–’â–’    [38;2;106;83;81mâ–ˆâ–ˆ[38;2;98;82;87mâ–’â–’              
        [38;2;134;134;129mâ–‘â–‘[38;2;168;147;135mâ–ˆâ–ˆ[38;2;193;148;122mâ–ˆâ–ˆ[38;2;203;153;123mâ–ˆâ–ˆ[38;2;210;161;127mâ–ˆâ–ˆ[38;2;219;175;138mâ–ˆâ–ˆ[38;2;182;148;124mâ–ˆâ–ˆ[38;2;89;70;55mâ–ˆâ–ˆ[38;2;133;99;86mâ–ˆâ–ˆ[38;2;184;128;106mâ–ˆâ–ˆ[38;2;203;140;114mâ–ˆâ–ˆ[38;2;208;144;118mâ–ˆâ–ˆ[38;2;216;160;129mâ–ˆâ–ˆ[38;2;212;163;133mâ–ˆâ–ˆ[38;2;215;168;137mâ–ˆâ–ˆ[38;2;209;165;131mâ–ˆâ–ˆ[38;2;196;151;122mâ–ˆâ–ˆ[38;2;197;153;125mâ–ˆâ–ˆ[38;2;194;146;117mâ–ˆâ–ˆ[38;2;187;136;108mâ–ˆâ–ˆ[38;2;169;118;96mâ–ˆâ–ˆ[38;2;164;111;94mâ–ˆâ–ˆ[38;2;179;123;105mâ–ˆâ–ˆ[38;2;177;122;101mâ–ˆâ–ˆ[38;2;176;119;99mâ–ˆâ–ˆ[38;2;178;124;104mâ–ˆâ–ˆ[38;2;183;130;109mâ–ˆâ–ˆ[38;2;186;133;113mâ–ˆâ–ˆ[38;2;185;137;112mâ–ˆâ–ˆ[38;2;179;142;117mâ–ˆâ–ˆ[38;2;143;117;108mâ–ˆâ–ˆ[38;2;110;94;88mâ–ˆâ–ˆ[38;2;107;100;90mâ–ˆâ–ˆ[38;2;110;107;99mâ–ˆâ–ˆ[38;2;84;84;96mâ–“â–“  [38;2;99;69;66mâ–‘â–‘[38;2;107;88;86mâ–ˆâ–ˆ                
        [38;2;117;114;117mâ–‘â–‘[38;2;169;144;133mâ–ˆâ–ˆ[38;2;204;157;130mâ–ˆâ–ˆ[38;2;226;178;145mâ–ˆâ–ˆ[38;2;236;195;157mâ–ˆâ–ˆ[38;2;234;199;167mâ–ˆâ–ˆ[38;2;179;154;137mâ–ˆâ–ˆ[38;2;84;64;55mâ–ˆâ–ˆ[38;2;140;103;91mâ–ˆâ–ˆ[38;2;176;126;104mâ–ˆâ–ˆ[38;2;199;146;122mâ–ˆâ–ˆ[38;2;203;145;122mâ–ˆâ–ˆ[38;2;196;139;114mâ–ˆâ–ˆ[38;2;193;136;112mâ–ˆâ–ˆ[38;2;196;137;113mâ–ˆâ–ˆ[38;2;175;116;93mâ–ˆâ–ˆ[38;2;172;112;94mâ–ˆâ–ˆ[38;2;172;110;93mâ–ˆâ–ˆ[38;2;183;119;100mâ–ˆâ–ˆ[38;2;192;128;105mâ–ˆâ–ˆ[38;2;190;126;103mâ–ˆâ–ˆ[38;2;190;128;103mâ–ˆâ–ˆ[38;2;211;149;123mâ–ˆâ–ˆ[38;2;200;140;116mâ–ˆâ–ˆ[38;2;200;142;120mâ–ˆâ–ˆ[38;2;192;142;122mâ–ˆâ–ˆ[38;2;186;137;119mâ–ˆâ–ˆ[38;2;176;130;116mâ–ˆâ–ˆ[38;2;177;134;119mâ–ˆâ–ˆ[38;2;166;133;119mâ–ˆâ–ˆ[38;2;135;111;101mâ–ˆâ–ˆ[38;2;114;97;87mâ–ˆâ–ˆ[38;2;118;106;96mâ–ˆâ–ˆ[38;2;103;100;98mâ–ˆâ–ˆ[38;2;77;79;92mâ–“â–“  [38;2;116;87;89mâ–“â–“[38;2;105;88;92mâ–“â–“                
          [38;2;175;150;144mâ–ˆâ–ˆ[38;2;221;179;151mâ–ˆâ–ˆ[38;2;227;185;151mâ–ˆâ–ˆ[38;2;224;186;157mâ–ˆâ–ˆ[38;2;168;143;126mâ–ˆâ–ˆ[38;2;85;65;65mâ–ˆâ–ˆ[38;2;86;60;55mâ–ˆâ–ˆ[38;2;155;113;98mâ–ˆâ–ˆ[38;2;174;123;102mâ–ˆâ–ˆ[38;2;178;125;105mâ–ˆâ–ˆ[38;2;182;123;106mâ–ˆâ–ˆ[38;2;192;129;109mâ–ˆâ–ˆ[38;2;195;130;109mâ–ˆâ–ˆ[38;2;193;129;107mâ–ˆâ–ˆ[38;2;197;130;109mâ–ˆâ–ˆ[38;2;199;131;107mâ–ˆâ–ˆ[38;2;194;126;99mâ–ˆâ–ˆ[38;2;195;128;102mâ–ˆâ–ˆ[38;2;201;137;109mâ–ˆâ–ˆ[38;2;204;142;112mâ–ˆâ–ˆ[38;2;205;144;115mâ–ˆâ–ˆ[38;2;209;148;121mâ–ˆâ–ˆ[38;2;203;142;118mâ–ˆâ–ˆ[38;2;185;130;109mâ–ˆâ–ˆ[38;2;173;120;106mâ–ˆâ–ˆ[38;2;165;116;103mâ–ˆâ–ˆ[38;2;154;112;99mâ–ˆâ–ˆ[38;2;145;104;95mâ–ˆâ–ˆ[38;2;133;102;93mâ–ˆâ–ˆ[38;2;124;98;87mâ–ˆâ–ˆ[38;2;124;100;89mâ–ˆâ–ˆ[38;2;118;104;92mâ–ˆâ–ˆ[38;2;92;93;93mâ–ˆâ–ˆ[38;2;72;75;87mâ–“â–“  [38;2;107;85;89mâ–“â–“[38;2;97;83;93mâ–’â–’                
          [38;2;138;131;140mâ–’â–’[38;2;174;155;147mâ–ˆâ–ˆ[38;2;184;166;151mâ–ˆâ–ˆ[38;2;141;125;118mâ–ˆâ–ˆ[38;2;77;68;68mâ–ˆâ–ˆ[38;2;76;52;50mâ–ˆâ–ˆ[38;2;147;112;96mâ–ˆâ–ˆ[38;2;174;126;104mâ–ˆâ–ˆ[38;2;181;126;106mâ–ˆâ–ˆ[38;2;178;121;102mâ–ˆâ–ˆ[38;2;181;122;100mâ–ˆâ–ˆ[38;2;189;124;106mâ–ˆâ–ˆ[38;2;193;127;108mâ–ˆâ–ˆ[38;2;184;121;101mâ–ˆâ–ˆ[38;2;184;118;99mâ–ˆâ–ˆ[38;2;196;126;102mâ–ˆâ–ˆ[38;2;214;150;117mâ–ˆâ–ˆ[38;2;221;162;128mâ–ˆâ–ˆ[38;2;225;171;138mâ–ˆâ–ˆ[38;2;223;170;138mâ–ˆâ–ˆ[38;2;217;161;128mâ–ˆâ–ˆ[38;2;206;148;120mâ–ˆâ–ˆ[38;2;200;142;117mâ–ˆâ–ˆ[38;2;205;148;126mâ–ˆâ–ˆ[38;2;191;135;115mâ–ˆâ–ˆ[38;2;177;123;103mâ–ˆâ–ˆ[38;2;169;116;96mâ–ˆâ–ˆ[38;2;173;120;101mâ–ˆâ–ˆ[38;2;164;126;107mâ–ˆâ–ˆ[38;2;142;110;97mâ–ˆâ–ˆ[38;2;129;102;92mâ–ˆâ–ˆ[38;2;115;101;95mâ–ˆâ–ˆ[38;2;91;93;93mâ–ˆâ–ˆ[38;2;78;78;94mâ–“â–“  [38;2;99;79;80mâ–ˆâ–ˆ[38;2;85;77;85mâ–‘â–‘                
            [38;2;81;85;99mâ–‘â–‘[38;2;68;64;77mâ–ˆâ–ˆ[38;2;53;45;56mâ–ˆâ–ˆ[38;2;62;51;52mâ–ˆâ–ˆ[38;2;127;100;89mâ–ˆâ–ˆ[38;2;163;120;105mâ–ˆâ–ˆ[38;2;173;124;106mâ–ˆâ–ˆ[38;2;176;122;102mâ–ˆâ–ˆ[38;2;189;130;108mâ–ˆâ–ˆ[38;2;197;135;110mâ–ˆâ–ˆ[38;2;197;132;110mâ–ˆâ–ˆ[38;2;196;131;108mâ–ˆâ–ˆ[38;2;176;114;90mâ–ˆâ–ˆ[38;2;182;118;95mâ–ˆâ–ˆ[38;2;207;140;113mâ–ˆâ–ˆ[38;2;214;159;129mâ–ˆâ–ˆ[38;2;211;162;132mâ–ˆâ–ˆ[38;2;210;162;130mâ–ˆâ–ˆ[38;2;205;154;123mâ–ˆâ–ˆ[38;2;212;158;127mâ–ˆâ–ˆ[38;2;214;161;136mâ–ˆâ–ˆ[38;2;208;154;132mâ–ˆâ–ˆ[38;2;206;151;130mâ–ˆâ–ˆ[38;2;191;136;116mâ–ˆâ–ˆ[38;2;198;144;124mâ–ˆâ–ˆ[38;2;201;145;125mâ–ˆâ–ˆ[38;2;196;145;126mâ–ˆâ–ˆ[38;2;180;139;122mâ–ˆâ–ˆ[38;2;152;120;107mâ–ˆâ–ˆ[38;2;135;110;103mâ–ˆâ–ˆ[38;2;109;97;98mâ–ˆâ–ˆ[38;2;89;88;94mâ–ˆâ–ˆ[38;2;70;72;91mâ–“â–“  [38;2;100;82;83mâ–ˆâ–ˆ                  
              [38;2;58;52;65mâ–’â–’[38;2;84;73;78mâ–ˆâ–ˆ[38;2;107;87;80mâ–ˆâ–ˆ[38;2;132;105;91mâ–ˆâ–ˆ[38;2;150;109;95mâ–ˆâ–ˆ[38;2;163;118;101mâ–ˆâ–ˆ[38;2;178;125;112mâ–ˆâ–ˆ[38;2;205;148;129mâ–ˆâ–ˆ[38;2;216;158;134mâ–ˆâ–ˆ[38;2;208;147;121mâ–ˆâ–ˆ[38;2;203;141;113mâ–ˆâ–ˆ[38;2;205;142;115mâ–ˆâ–ˆ[38;2;214;151;121mâ–ˆâ–ˆ[38;2;222;162;131mâ–ˆâ–ˆ[38;2;214;160;131mâ–ˆâ–ˆ[38;2;202;149;121mâ–ˆâ–ˆ[38;2;197;140;111mâ–ˆâ–ˆ[38;2;198;138;115mâ–ˆâ–ˆ[38;2;190;135;111mâ–ˆâ–ˆ[38;2;195;141;117mâ–ˆâ–ˆ[38;2;191;135;117mâ–ˆâ–ˆ[38;2;202;147;128mâ–ˆâ–ˆ[38;2;201;147;127mâ–ˆâ–ˆ[38;2;197;146;126mâ–ˆâ–ˆ[38;2;183;138;118mâ–ˆâ–ˆ[38;2;173;135;119mâ–ˆâ–ˆ[38;2;157;125;111mâ–ˆâ–ˆ[38;2;150;121;108mâ–ˆâ–ˆ[38;2;136;112;108mâ–ˆâ–ˆ[38;2;109;98;100mâ–ˆâ–ˆ[38;2;90;88;94mâ–ˆâ–ˆ[38;2;70;73;81mâ–ˆâ–ˆ[38;2;72;67;73mâ–“â–“[38;2;88;79;83mâ–“â–“                  
              [38;2;75;69;80mâ–“â–“[38;2;103;87;89mâ–ˆâ–ˆ[38;2;115;92;82mâ–ˆâ–ˆ[38;2;128;98;87mâ–ˆâ–ˆ[38;2;138;104;90mâ–ˆâ–ˆ[38;2;146;108;92mâ–ˆâ–ˆ[38;2;165;119;106mâ–ˆâ–ˆ[38;2;188;138;120mâ–ˆâ–ˆ[38;2;198;146;125mâ–ˆâ–ˆ[38;2;211;154;130mâ–ˆâ–ˆ[38;2;216;160;133mâ–ˆâ–ˆ[38;2;222;166;138mâ–ˆâ–ˆ[38;2;228;174;143mâ–ˆâ–ˆ[38;2;220;166;136mâ–ˆâ–ˆ[38;2;212;157;127mâ–ˆâ–ˆ[38;2;216;160;125mâ–ˆâ–ˆ[38;2;216;156;125mâ–ˆâ–ˆ[38;2;209;148;123mâ–ˆâ–ˆ[38;2;205;146;120mâ–ˆâ–ˆ[38;2;206;149;124mâ–ˆâ–ˆ[38;2;193;137;118mâ–ˆâ–ˆ[38;2;195;140;123mâ–ˆâ–ˆ[38;2;192;140;120mâ–ˆâ–ˆ[38;2;185;138;116mâ–ˆâ–ˆ[38;2;178;134;118mâ–ˆâ–ˆ[38;2;165;126;116mâ–ˆâ–ˆ[38;2;149;116;106mâ–ˆâ–ˆ[38;2;138;109;102mâ–ˆâ–ˆ[38;2;124;101;99mâ–ˆâ–ˆ[38;2;109;96;96mâ–ˆâ–ˆ[38;2;97;95;96mâ–ˆâ–ˆ[38;2;78;80;85mâ–ˆâ–ˆ[38;2;79;76;85mâ–ˆâ–ˆ[38;2;84;77;85mâ–“â–“                  
              [38;2;76;73;82mâ–“â–“[38;2;105;91;90mâ–ˆâ–ˆ[38;2;123;97;86mâ–ˆâ–ˆ[38;2;136;99;91mâ–ˆâ–ˆ[38;2;147;105;91mâ–ˆâ–ˆ[38;2;144;102;89mâ–ˆâ–ˆ[38;2;152;106;95mâ–ˆâ–ˆ[38;2;166;119;105mâ–ˆâ–ˆ[38;2;183;135;118mâ–ˆâ–ˆ[38;2;195;145;126mâ–ˆâ–ˆ[38;2;196;148;127mâ–ˆâ–ˆ[38;2;200;152;131mâ–ˆâ–ˆ[38;2;200;154;133mâ–ˆâ–ˆ[38;2;207;157;132mâ–ˆâ–ˆ[38;2;212;158;132mâ–ˆâ–ˆ[38;2;219;166;132mâ–ˆâ–ˆ[38;2;223;170;138mâ–ˆâ–ˆ[38;2;224;173;148mâ–ˆâ–ˆ[38;2;212;162;139mâ–ˆâ–ˆ[38;2;198;148;126mâ–ˆâ–ˆ[38;2;189;137;121mâ–ˆâ–ˆ[38;2;188;133;120mâ–ˆâ–ˆ[38;2;181;130;113mâ–ˆâ–ˆ[38;2;176;129;110mâ–ˆâ–ˆ[38;2;181;135;121mâ–ˆâ–ˆ[38;2;172;132;124mâ–ˆâ–ˆ[38;2;156;121;111mâ–ˆâ–ˆ[38;2;132;106;101mâ–ˆâ–ˆ[38;2;120;102;98mâ–ˆâ–ˆ[38;2;119;104;100mâ–ˆâ–ˆ[38;2;101;98;99mâ–ˆâ–ˆ[38;2;77;79;87mâ–ˆâ–ˆ[38;2;75;73;84mâ–ˆâ–ˆ[38;2;77;73;80mâ–’â–’                  
              [38;2;70;69;79mâ–’â–’[38;2;102;94;93mâ–ˆâ–ˆ[38;2;126;102;93mâ–ˆâ–ˆ[38;2;135;103;95mâ–ˆâ–ˆ[38;2;148;113;100mâ–ˆâ–ˆ[38;2;157;115;99mâ–ˆâ–ˆ[38;2;160;112;95mâ–ˆâ–ˆ[38;2;158;108;92mâ–ˆâ–ˆ[38;2;160;109;92mâ–ˆâ–ˆ[38;2;159;109;96mâ–ˆâ–ˆ[38;2;159;109;99mâ–ˆâ–ˆ[38;2;160;112;101mâ–ˆâ–ˆ[38;2;165;118;105mâ–ˆâ–ˆ[38;2;181;133;114mâ–ˆâ–ˆ[38;2;195;146;127mâ–ˆâ–ˆ[38;2;201;153;132mâ–ˆâ–ˆ[38;2;197;151;134mâ–ˆâ–ˆ[38;2;182;137;126mâ–ˆâ–ˆ[38;2;174;128;113mâ–ˆâ–ˆ[38;2;182;132;117mâ–ˆâ–ˆ[38;2;189;137;124mâ–ˆâ–ˆ[38;2;192;136;123mâ–ˆâ–ˆ[38;2;184;132;117mâ–ˆâ–ˆ[38;2;178;127;113mâ–ˆâ–ˆ[38;2;170;128;112mâ–ˆâ–ˆ[38;2;162;127;117mâ–ˆâ–ˆ[38;2;150;120;111mâ–ˆâ–ˆ[38;2;125;107;100mâ–ˆâ–ˆ[38;2;112;100;95mâ–ˆâ–ˆ[38;2;109;97;94mâ–ˆâ–ˆ[38;2;90;92;95mâ–ˆâ–ˆ[38;2;69;76;87mâ–ˆâ–ˆ[38;2;68;62;79mâ–ˆâ–ˆ[38;2;69;62;77mâ–’â–’                  
              [38;2;65;62;70mâ–‘â–‘[38;2;88;83;85mâ–ˆâ–ˆ[38;2;109;94;91mâ–ˆâ–ˆ[38;2;125;97;90mâ–ˆâ–ˆ[38;2;133;102;94mâ–ˆâ–ˆ[38;2;147;111;99mâ–ˆâ–ˆ[38;2;165;121;106mâ–ˆâ–ˆ[38;2;174;125;108mâ–ˆâ–ˆ[38;2;166;117;100mâ–ˆâ–ˆ[38;2;168;117;99mâ–ˆâ–ˆ[38;2;167;112;93mâ–ˆâ–ˆ[38;2;161;107;92mâ–ˆâ–ˆ[38;2;167;114;99mâ–ˆâ–ˆ[38;2;169;115;97mâ–ˆâ–ˆ[38;2;172;121;107mâ–ˆâ–ˆ[38;2;176;127;116mâ–ˆâ–ˆ[38;2;171;124;116mâ–ˆâ–ˆ[38;2;162;115;109mâ–ˆâ–ˆ[38;2;166;118;107mâ–ˆâ–ˆ[38;2;179;130;116mâ–ˆâ–ˆ[38;2;180;133;119mâ–ˆâ–ˆ[38;2;179;131;119mâ–ˆâ–ˆ[38;2;184;137;124mâ–ˆâ–ˆ[38;2;188;143;130mâ–ˆâ–ˆ[38;2;168;135;124mâ–ˆâ–ˆ[38;2;145;118;110mâ–ˆâ–ˆ[38;2;128;104;97mâ–ˆâ–ˆ[38;2;113;97;94mâ–ˆâ–ˆ[38;2;108;95;94mâ–ˆâ–ˆ[38;2;99;93;95mâ–ˆâ–ˆ[38;2;79;83;92mâ–ˆâ–ˆ[38;2;53;64;79mâ–‘â–‘[38;2;60;49;70mâ–’â–’[38;2;61;51;69mâ–’â–’                  
                [38;2;69;67;73mâ–ˆâ–ˆ[38;2;90;84;86mâ–ˆâ–ˆ[38;2;117;96;88mâ–ˆâ–ˆ[38;2;127;98;90mâ–ˆâ–ˆ[38;2;132;100;91mâ–ˆâ–ˆ[38;2;143;109;98mâ–ˆâ–ˆ[38;2;157;117;104mâ–ˆâ–ˆ[38;2;164;119;103mâ–ˆâ–ˆ[38;2;178;129;111mâ–ˆâ–ˆ[38;2;187;134;116mâ–ˆâ–ˆ[38;2;185;129;113mâ–ˆâ–ˆ[38;2;185;128;111mâ–ˆâ–ˆ[38;2;189;132;117mâ–ˆâ–ˆ[38;2;183;131;121mâ–ˆâ–ˆ[38;2;159;111;100mâ–ˆâ–ˆ[38;2;148;101;90mâ–ˆâ–ˆ[38;2;147;100;91mâ–ˆâ–ˆ[38;2;151;104;93mâ–ˆâ–ˆ[38;2;165;120;106mâ–ˆâ–ˆ[38;2;164;120;111mâ–ˆâ–ˆ[38;2;156;116;108mâ–ˆâ–ˆ[38;2;166;128;119mâ–ˆâ–ˆ[38;2;165;131;122mâ–ˆâ–ˆ[38;2;142;114;108mâ–ˆâ–ˆ[38;2;117;96;94mâ–ˆâ–ˆ[38;2;116;95;92mâ–ˆâ–ˆ[38;2;117;99;97mâ–ˆâ–ˆ[38;2;96;84;85mâ–ˆâ–ˆ[38;2;78;79;83mâ–ˆâ–ˆ[38;2;66;68;82mâ–’â–’  [38;2;57;43;65mâ–‘â–‘[38;2;51;41;59mâ–’â–’                  
                [38;2;52;52;57mâ–’â–’[38;2;71;69;72mâ–ˆâ–ˆ[38;2;101;91;85mâ–ˆâ–ˆ[38;2;117;94;86mâ–ˆâ–ˆ[38;2;124;94;83mâ–ˆâ–ˆ[38;2;130;96;89mâ–ˆâ–ˆ[38;2;142;101;95mâ–ˆâ–ˆ[38;2;151;105;97mâ–ˆâ–ˆ[38;2;161;116;104mâ–ˆâ–ˆ[38;2;164;124;113mâ–ˆâ–ˆ[38;2;170;127;115mâ–ˆâ–ˆ[38;2;174;127;112mâ–ˆâ–ˆ[38;2;172;126;114mâ–ˆâ–ˆ[38;2;159;115;104mâ–ˆâ–ˆ[38;2;169;125;105mâ–ˆâ–ˆ[38;2;168;123;107mâ–ˆâ–ˆ[38;2;165;120;108mâ–ˆâ–ˆ[38;2;165;120;109mâ–ˆâ–ˆ[38;2;144;110;102mâ–ˆâ–ˆ[38;2;142;107;101mâ–ˆâ–ˆ[38;2;143;104;100mâ–ˆâ–ˆ[38;2;141;103;101mâ–ˆâ–ˆ[38;2;136;103;98mâ–ˆâ–ˆ[38;2;125;98;95mâ–ˆâ–ˆ[38;2;106;89;87mâ–ˆâ–ˆ[38;2;106;88;86mâ–ˆâ–ˆ[38;2;110;98;94mâ–ˆâ–ˆ[38;2;96;90;93mâ–ˆâ–ˆ[38;2;74;75;82mâ–’â–’                          
                  [38;2;71;65;75mâ–‘â–‘[38;2;90;80;82mâ–ˆâ–ˆ[38;2;109;93;90mâ–ˆâ–ˆ[38;2;119;100;89mâ–ˆâ–ˆ[38;2;133;102;94mâ–ˆâ–ˆ[38;2;145;109;98mâ–ˆâ–ˆ[38;2;151;111;100mâ–ˆâ–ˆ[38;2;149;109;99mâ–ˆâ–ˆ[38;2;143;107;97mâ–ˆâ–ˆ[38;2;144;107;99mâ–ˆâ–ˆ[38;2;155;113;105mâ–ˆâ–ˆ[38;2;157;113;103mâ–ˆâ–ˆ[38;2;151;109;98mâ–ˆâ–ˆ[38;2;168;125;113mâ–ˆâ–ˆ[38;2;162;121;109mâ–ˆâ–ˆ[38;2;145;109;99mâ–ˆâ–ˆ[38;2;137;107;99mâ–ˆâ–ˆ[38;2;115;89;85mâ–ˆâ–ˆ[38;2;119;90;84mâ–ˆâ–ˆ[38;2;139;103;93mâ–ˆâ–ˆ[38;2;142;107;95mâ–ˆâ–ˆ[38;2;145;112;102mâ–ˆâ–ˆ[38;2;127;105;98mâ–ˆâ–ˆ[38;2;112;95;93mâ–ˆâ–ˆ[38;2;112;96;93mâ–ˆâ–ˆ[38;2;99;94;93mâ–ˆâ–ˆ[38;2;86;84;90mâ–ˆâ–ˆ[38;2;69;66;77mâ–“â–“                          
                    [38;2;80;76;82mâ–’â–’[38;2;94;87;92mâ–ˆâ–ˆ[38;2;108;95;95mâ–ˆâ–ˆ[38;2;123;100;98mâ–ˆâ–ˆ[38;2;138;109;103mâ–ˆâ–ˆ[38;2;143;111;103mâ–ˆâ–ˆ[38;2;141;105;96mâ–ˆâ–ˆ[38;2;137;101;92mâ–ˆâ–ˆ[38;2;136;99;92mâ–ˆâ–ˆ[38;2;137;101;93mâ–ˆâ–ˆ[38;2;139;102;94mâ–ˆâ–ˆ[38;2;140;104;96mâ–ˆâ–ˆ[38;2;139;101;94mâ–ˆâ–ˆ[38;2;138;103;95mâ–ˆâ–ˆ[38;2;129;102;94mâ–ˆâ–ˆ[38;2;114;92;89mâ–ˆâ–ˆ[38;2;102;81;81mâ–ˆâ–ˆ[38;2;114;88;86mâ–ˆâ–ˆ[38;2;139;109;104mâ–ˆâ–ˆ[38;2;133;105;100mâ–ˆâ–ˆ[38;2;130;107;103mâ–ˆâ–ˆ[38;2;117;106;101mâ–ˆâ–ˆ[38;2;107;97;97mâ–ˆâ–ˆ[38;2;101;90;91mâ–ˆâ–ˆ[38;2;88;82;81mâ–ˆâ–ˆ[38;2;85;78;81mâ–ˆâ–ˆ[38;2;74;66;75mâ–“â–“                          
                      [38;2;69;63;75mâ–‘â–‘[38;2;82;71;82mâ–“â–“[38;2;99;83;91mâ–ˆâ–ˆ[38;2;111;93;92mâ–ˆâ–ˆ[38;2;120;94;91mâ–ˆâ–ˆ[38;2;131;100;95mâ–ˆâ–ˆ[38;2;133;102;93mâ–ˆâ–ˆ[38;2;131;103;93mâ–ˆâ–ˆ[38;2;124;99;91mâ–ˆâ–ˆ[38;2;123;99;90mâ–ˆâ–ˆ[38;2;127;98;91mâ–ˆâ–ˆ[38;2;128;99;91mâ–ˆâ–ˆ[38;2;127;105;96mâ–ˆâ–ˆ[38;2;119;99;98mâ–ˆâ–ˆ[38;2;104;85;86mâ–ˆâ–ˆ[38;2;93;76;75mâ–ˆâ–ˆ[38;2;97;77;78mâ–ˆâ–ˆ[38;2;111;87;88mâ–ˆâ–ˆ[38;2;112;96;96mâ–ˆâ–ˆ[38;2;105;96;99mâ–ˆâ–ˆ[38;2;88;85;90mâ–ˆâ–ˆ[38;2;79;75;79mâ–ˆâ–ˆ[38;2;89;78;80mâ–ˆâ–ˆ[38;2;98;84;83mâ–ˆâ–ˆ[38;2;105;89;94mâ–ˆâ–ˆ[38;2;89;80;94mâ–ˆâ–ˆ                          
                          [38;2;89;76;84mâ–“â–“[38;2;100;84;85mâ–ˆâ–ˆ[38;2;105;85;84mâ–ˆâ–ˆ[38;2;109;86;87mâ–ˆâ–ˆ[38;2;109;90;88mâ–ˆâ–ˆ[38;2;110;95;92mâ–ˆâ–ˆ[38;2;109;95;95mâ–ˆâ–ˆ[38;2;112;96;97mâ–ˆâ–ˆ[38;2;117;97;97mâ–ˆâ–ˆ[38;2;116;97;101mâ–ˆâ–ˆ[38;2;107;92;99mâ–ˆâ–ˆ[38;2;99;85;91mâ–ˆâ–ˆ[38;2;91;77;82mâ–ˆâ–ˆ[38;2;85;72;77mâ–ˆâ–ˆ[38;2;82;68;74mâ–ˆâ–ˆ[38;2;92;74;82mâ–ˆâ–ˆ[38;2;92;82;88mâ–ˆâ–ˆ[38;2;80;74;82mâ–ˆâ–ˆ[38;2;64;58;69mâ–“â–“[38;2;65;54;63mâ–‘â–‘[38;2;88;77;77mâ–“â–“[38;2;108;104;103mâ–ˆâ–ˆ[38;2;102;99;106mâ–ˆâ–ˆ[38;2;75;72;93mâ–’â–’                          
                          [38;2;90;82;95mâ–‘â–‘[38;2;93;89;94mâ–ˆâ–ˆ[38;2;106;91;90mâ–ˆâ–ˆ[38;2;107;88;83mâ–ˆâ–ˆ[38;2;106;89;88mâ–ˆâ–ˆ[38;2;87;75;79mâ–ˆâ–ˆ[38;2;81;71;79mâ–’â–’[38;2;82;73;84mâ–“â–“[38;2;84;75;84mâ–“â–“[38;2;81;74;86mâ–ˆâ–ˆ[38;2;77;68;81mâ–ˆâ–ˆ[38;2;73;63;71mâ–ˆâ–ˆ[38;2;68;59;69mâ–ˆâ–ˆ[38;2;66;56;65mâ–ˆâ–ˆ[38;2;61;49;59mâ–“â–“[38;2;63;52;65mâ–’â–’[38;2;67;60;70mâ–‘â–‘                                        
                            [38;2;76;76;85mâ–’â–’[38;2;94;86;94mâ–ˆâ–ˆ[38;2;104;90;93mâ–ˆâ–ˆ[38;2;96;85;89mâ–“â–“[38;2;82;68;75mâ–‘â–‘                                                              
                                                                                                    
[38;2;255;255;255m